Archive member included because of file (symbol)

c:/winavr-20100110/bin/../lib/gcc/avr/4.3.3/avr5\libgcc.a(_udivmodqi4.o)
                              lambdaspeak.o (__udivmodqi4)
c:/winavr-20100110/bin/../lib/gcc/avr/4.3.3/avr5\libgcc.a(_divmodhi4.o)
                              lambdaspeak.o (__divmodhi4)
c:/winavr-20100110/bin/../lib/gcc/avr/4.3.3/avr5\libgcc.a(_exit.o)
                              c:/winavr-20100110/bin/../lib/gcc/avr/4.3.3/../../../../avr/lib/avr5/crtm644p.o (exit)
c:/winavr-20100110/bin/../lib/gcc/avr/4.3.3/avr5\libgcc.a(_copy_data.o)
                              lambdaspeak.o (__do_copy_data)
c:/winavr-20100110/bin/../lib/gcc/avr/4.3.3/avr5\libgcc.a(_clear_bss.o)
                              lambdaspeak.o (__do_clear_bss)
c:/winavr-20100110/bin/../lib/gcc/avr/4.3.3/avr5\libgcc.a(_udivmodhi4.o)
                              c:/winavr-20100110/bin/../lib/gcc/avr/4.3.3/avr5\libgcc.a(_divmodhi4.o) (__udivmodhi4)
c:/winavr-20100110/bin/../lib/gcc/avr/4.3.3/../../../../avr/lib/avr5\libc.a(sprintf.o)
                              lambdaspeak.o (sprintf)
c:/winavr-20100110/bin/../lib/gcc/avr/4.3.3/../../../../avr/lib/avr5\libc.a(vfprintf_std.o)
                              c:/winavr-20100110/bin/../lib/gcc/avr/4.3.3/../../../../avr/lib/avr5\libc.a(sprintf.o) (vfprintf)
c:/winavr-20100110/bin/../lib/gcc/avr/4.3.3/../../../../avr/lib/avr5\libc.a(strnlen_P.o)
                              c:/winavr-20100110/bin/../lib/gcc/avr/4.3.3/../../../../avr/lib/avr5\libc.a(vfprintf_std.o) (strnlen_P)
c:/winavr-20100110/bin/../lib/gcc/avr/4.3.3/../../../../avr/lib/avr5\libc.a(strnlen.o)
                              c:/winavr-20100110/bin/../lib/gcc/avr/4.3.3/../../../../avr/lib/avr5\libc.a(vfprintf_std.o) (strnlen)
c:/winavr-20100110/bin/../lib/gcc/avr/4.3.3/../../../../avr/lib/avr5\libc.a(fputc.o)
                              c:/winavr-20100110/bin/../lib/gcc/avr/4.3.3/../../../../avr/lib/avr5\libc.a(vfprintf_std.o) (fputc)
c:/winavr-20100110/bin/../lib/gcc/avr/4.3.3/../../../../avr/lib/avr5\libc.a(ultoa_invert.o)
                              c:/winavr-20100110/bin/../lib/gcc/avr/4.3.3/../../../../avr/lib/avr5\libc.a(vfprintf_std.o) (__ultoa_invert)
c:/winavr-20100110/bin/../lib/gcc/avr/4.3.3/avr5\libgcc.a(_prologue.o)
                              c:/winavr-20100110/bin/../lib/gcc/avr/4.3.3/../../../../avr/lib/avr5\libc.a(sprintf.o) (__prologue_saves__)
c:/winavr-20100110/bin/../lib/gcc/avr/4.3.3/avr5\libgcc.a(_epilogue.o)
                              c:/winavr-20100110/bin/../lib/gcc/avr/4.3.3/../../../../avr/lib/avr5\libc.a(sprintf.o) (__epilogue_restores__)

Discarded input sections

 .data          0x00000000        0x0 c:/winavr-20100110/bin/../lib/gcc/avr/4.3.3/../../../../avr/lib/avr5/crtm644p.o
 .bss           0x00000000        0x0 c:/winavr-20100110/bin/../lib/gcc/avr/4.3.3/../../../../avr/lib/avr5/crtm644p.o
 .text          0x00000000        0x0 lambdaspeak.o
 .bss           0x00000000        0x0 lambdaspeak.o
 .text.process_reset
                0x00000000        0x0 lambdaspeak.o
 .text.init_reset_handler
                0x00000000        0x0 lambdaspeak.o
 .text.spi_transceive_epson
                0x00000000        0x0 lambdaspeak.o
 .text.spi_transfer_epson
                0x00000000        0x0 lambdaspeak.o
 .text.spi_begin_epson_transaction
                0x00000000        0x0 lambdaspeak.o
 .text.spi_end_epson_transaction
                0x00000000        0x0 lambdaspeak.o
 .text.convert_speak_rate
                0x00000000        0x0 lambdaspeak.o
 .text.convert_volume
                0x00000000        0x0 lambdaspeak.o
 .text.tts_speech_start
                0x00000000        0x0 lambdaspeak.o
 .text.tts_speech_char
                0x00000000        0x0 lambdaspeak.o
 .text.cont0    0x00000000        0x0 lambdaspeak.o
 .text.twi_init
                0x00000000        0x0 lambdaspeak.o
 .text.twi_start
                0x00000000        0x0 lambdaspeak.o
 .text.twi_stop
                0x00000000        0x0 lambdaspeak.o
 .text.twi_send
                0x00000000        0x0 lambdaspeak.o
 .text.twi_receive
                0x00000000        0x0 lambdaspeak.o
 .text.BCDtoDEC
                0x00000000        0x0 lambdaspeak.o
 .text.confirmations_off
                0x00000000        0x0 lambdaspeak.o
 .text.usart_off
                0x00000000        0x0 lambdaspeak.o
 .text.USART_Transmit1
                0x00000000        0x0 lambdaspeak.o
 .text.USART_Transmit
                0x00000000        0x0 lambdaspeak.o
 .text.USART_ISR_Transmit
                0x00000000        0x0 lambdaspeak.o
 .text.speak_dectalk
                0x00000000        0x0 lambdaspeak.o
 .text.announce_cur_mode
                0x00000000        0x0 lambdaspeak.o
 .rodata.num_quotes
                0x00000000        0x0 lambdaspeak.o
 .rodata.pcm_length
                0x00000000        0x0 lambdaspeak.o
 .text          0x00000000        0x0 c:/winavr-20100110/bin/../lib/gcc/avr/4.3.3/avr5\libgcc.a(_udivmodqi4.o)
 .data          0x00000000        0x0 c:/winavr-20100110/bin/../lib/gcc/avr/4.3.3/avr5\libgcc.a(_udivmodqi4.o)
 .bss           0x00000000        0x0 c:/winavr-20100110/bin/../lib/gcc/avr/4.3.3/avr5\libgcc.a(_udivmodqi4.o)
 .text          0x00000000        0x0 c:/winavr-20100110/bin/../lib/gcc/avr/4.3.3/avr5\libgcc.a(_divmodhi4.o)
 .data          0x00000000        0x0 c:/winavr-20100110/bin/../lib/gcc/avr/4.3.3/avr5\libgcc.a(_divmodhi4.o)
 .bss           0x00000000        0x0 c:/winavr-20100110/bin/../lib/gcc/avr/4.3.3/avr5\libgcc.a(_divmodhi4.o)
 .text          0x00000000        0x0 c:/winavr-20100110/bin/../lib/gcc/avr/4.3.3/avr5\libgcc.a(_exit.o)
 .data          0x00000000        0x0 c:/winavr-20100110/bin/../lib/gcc/avr/4.3.3/avr5\libgcc.a(_exit.o)
 .bss           0x00000000        0x0 c:/winavr-20100110/bin/../lib/gcc/avr/4.3.3/avr5\libgcc.a(_exit.o)
 .text.libgcc   0x00000000        0x0 c:/winavr-20100110/bin/../lib/gcc/avr/4.3.3/avr5\libgcc.a(_exit.o)
 .text          0x00000000        0x0 c:/winavr-20100110/bin/../lib/gcc/avr/4.3.3/avr5\libgcc.a(_copy_data.o)
 .data          0x00000000        0x0 c:/winavr-20100110/bin/../lib/gcc/avr/4.3.3/avr5\libgcc.a(_copy_data.o)
 .bss           0x00000000        0x0 c:/winavr-20100110/bin/../lib/gcc/avr/4.3.3/avr5\libgcc.a(_copy_data.o)
 .text.libgcc   0x00000000        0x0 c:/winavr-20100110/bin/../lib/gcc/avr/4.3.3/avr5\libgcc.a(_copy_data.o)
 .text          0x00000000        0x0 c:/winavr-20100110/bin/../lib/gcc/avr/4.3.3/avr5\libgcc.a(_clear_bss.o)
 .data          0x00000000        0x0 c:/winavr-20100110/bin/../lib/gcc/avr/4.3.3/avr5\libgcc.a(_clear_bss.o)
 .bss           0x00000000        0x0 c:/winavr-20100110/bin/../lib/gcc/avr/4.3.3/avr5\libgcc.a(_clear_bss.o)
 .text.libgcc   0x00000000        0x0 c:/winavr-20100110/bin/../lib/gcc/avr/4.3.3/avr5\libgcc.a(_clear_bss.o)
 .text          0x00000000        0x0 c:/winavr-20100110/bin/../lib/gcc/avr/4.3.3/avr5\libgcc.a(_udivmodhi4.o)
 .data          0x00000000        0x0 c:/winavr-20100110/bin/../lib/gcc/avr/4.3.3/avr5\libgcc.a(_udivmodhi4.o)
 .bss           0x00000000        0x0 c:/winavr-20100110/bin/../lib/gcc/avr/4.3.3/avr5\libgcc.a(_udivmodhi4.o)
 .text          0x00000000        0x0 c:/winavr-20100110/bin/../lib/gcc/avr/4.3.3/../../../../avr/lib/avr5\libc.a(sprintf.o)
 .data          0x00000000        0x0 c:/winavr-20100110/bin/../lib/gcc/avr/4.3.3/../../../../avr/lib/avr5\libc.a(sprintf.o)
 .bss           0x00000000        0x0 c:/winavr-20100110/bin/../lib/gcc/avr/4.3.3/../../../../avr/lib/avr5\libc.a(sprintf.o)
 .text          0x00000000        0x0 c:/winavr-20100110/bin/../lib/gcc/avr/4.3.3/../../../../avr/lib/avr5\libc.a(vfprintf_std.o)
 .data          0x00000000        0x0 c:/winavr-20100110/bin/../lib/gcc/avr/4.3.3/../../../../avr/lib/avr5\libc.a(vfprintf_std.o)
 .bss           0x00000000        0x0 c:/winavr-20100110/bin/../lib/gcc/avr/4.3.3/../../../../avr/lib/avr5\libc.a(vfprintf_std.o)
 .text          0x00000000        0x0 c:/winavr-20100110/bin/../lib/gcc/avr/4.3.3/../../../../avr/lib/avr5\libc.a(strnlen_P.o)
 .data          0x00000000        0x0 c:/winavr-20100110/bin/../lib/gcc/avr/4.3.3/../../../../avr/lib/avr5\libc.a(strnlen_P.o)
 .bss           0x00000000        0x0 c:/winavr-20100110/bin/../lib/gcc/avr/4.3.3/../../../../avr/lib/avr5\libc.a(strnlen_P.o)
 .text          0x00000000        0x0 c:/winavr-20100110/bin/../lib/gcc/avr/4.3.3/../../../../avr/lib/avr5\libc.a(strnlen.o)
 .data          0x00000000        0x0 c:/winavr-20100110/bin/../lib/gcc/avr/4.3.3/../../../../avr/lib/avr5\libc.a(strnlen.o)
 .bss           0x00000000        0x0 c:/winavr-20100110/bin/../lib/gcc/avr/4.3.3/../../../../avr/lib/avr5\libc.a(strnlen.o)
 .text          0x00000000        0x0 c:/winavr-20100110/bin/../lib/gcc/avr/4.3.3/../../../../avr/lib/avr5\libc.a(fputc.o)
 .data          0x00000000        0x0 c:/winavr-20100110/bin/../lib/gcc/avr/4.3.3/../../../../avr/lib/avr5\libc.a(fputc.o)
 .bss           0x00000000        0x0 c:/winavr-20100110/bin/../lib/gcc/avr/4.3.3/../../../../avr/lib/avr5\libc.a(fputc.o)
 .text          0x00000000        0x0 c:/winavr-20100110/bin/../lib/gcc/avr/4.3.3/../../../../avr/lib/avr5\libc.a(ultoa_invert.o)
 .data          0x00000000        0x0 c:/winavr-20100110/bin/../lib/gcc/avr/4.3.3/../../../../avr/lib/avr5\libc.a(ultoa_invert.o)
 .bss           0x00000000        0x0 c:/winavr-20100110/bin/../lib/gcc/avr/4.3.3/../../../../avr/lib/avr5\libc.a(ultoa_invert.o)
 .text          0x00000000        0x0 c:/winavr-20100110/bin/../lib/gcc/avr/4.3.3/avr5\libgcc.a(_prologue.o)
 .data          0x00000000        0x0 c:/winavr-20100110/bin/../lib/gcc/avr/4.3.3/avr5\libgcc.a(_prologue.o)
 .bss           0x00000000        0x0 c:/winavr-20100110/bin/../lib/gcc/avr/4.3.3/avr5\libgcc.a(_prologue.o)
 .text          0x00000000        0x0 c:/winavr-20100110/bin/../lib/gcc/avr/4.3.3/avr5\libgcc.a(_epilogue.o)
 .data          0x00000000        0x0 c:/winavr-20100110/bin/../lib/gcc/avr/4.3.3/avr5\libgcc.a(_epilogue.o)
 .bss           0x00000000        0x0 c:/winavr-20100110/bin/../lib/gcc/avr/4.3.3/avr5\libgcc.a(_epilogue.o)

Memory Configuration

Name             Origin             Length             Attributes
text             0x00000000         0x00020000         xr
data             0x00800060         0x0000ffa0         rw !x
eeprom           0x00810000         0x00010000         rw !x
fuse             0x00820000         0x00000400         rw !x
lock             0x00830000         0x00000400         rw !x
signature        0x00840000         0x00000400         rw !x
*default*        0x00000000         0xffffffff

Linker script and memory map

Address of section .data set to 0x800100
LOAD c:/winavr-20100110/bin/../lib/gcc/avr/4.3.3/../../../../avr/lib/avr5/crtm644p.o
LOAD lambdaspeak.o
LOAD c:/winavr-20100110/bin/../lib/gcc/avr/4.3.3/avr5\libgcc.a
LOAD c:/winavr-20100110/bin/../lib/gcc/avr/4.3.3/../../../../avr/lib/avr5\libc.a
LOAD c:/winavr-20100110/bin/../lib/gcc/avr/4.3.3/avr5\libgcc.a

.hash
 *(.hash)

.dynsym
 *(.dynsym)

.dynstr
 *(.dynstr)

.gnu.version
 *(.gnu.version)

.gnu.version_d
 *(.gnu.version_d)

.gnu.version_r
 *(.gnu.version_r)

.rel.init
 *(.rel.init)

.rela.init
 *(.rela.init)

.rel.text
 *(.rel.text)
 *(.rel.text.*)
 *(.rel.gnu.linkonce.t*)

.rela.text
 *(.rela.text)
 *(.rela.text.*)
 *(.rela.gnu.linkonce.t*)

.rel.fini
 *(.rel.fini)

.rela.fini
 *(.rela.fini)

.rel.rodata
 *(.rel.rodata)
 *(.rel.rodata.*)
 *(.rel.gnu.linkonce.r*)

.rela.rodata
 *(.rela.rodata)
 *(.rela.rodata.*)
 *(.rela.gnu.linkonce.r*)

.rel.data
 *(.rel.data)
 *(.rel.data.*)
 *(.rel.gnu.linkonce.d*)

.rela.data
 *(.rela.data)
 *(.rela.data.*)
 *(.rela.gnu.linkonce.d*)

.rel.ctors
 *(.rel.ctors)

.rela.ctors
 *(.rela.ctors)

.rel.dtors
 *(.rel.dtors)

.rela.dtors
 *(.rela.dtors)

.rel.got
 *(.rel.got)

.rela.got
 *(.rela.got)

.rel.bss
 *(.rel.bss)

.rela.bss
 *(.rela.bss)

.rel.plt
 *(.rel.plt)

.rela.plt
 *(.rela.plt)

.text           0x00000000     0xf4ca
 *(.vectors)
 .vectors       0x00000000       0x7c c:/winavr-20100110/bin/../lib/gcc/avr/4.3.3/../../../../avr/lib/avr5/crtm644p.o
                0x00000000                __vectors
                0x00000000                __vector_default
 *(.vectors)
 *(.progmem.gcc*)
 .progmem.gcc_sw_table
                0x0000007c      0x100 lambdaspeak.o
 *(.progmem*)
 .progmem.data  0x0000017c     0xafef lambdaspeak.o
                0x00007b64                COPYRIGHT
                0x00007d5e                line5
                0x00007ce2                line4
                0x00007c2b                line0
                0x0000017c                TTS_INIT_DATA
                0x00007c58                line1
                0x00007cb6                line3
                0x00007c77                line2
                0x00007de1                pcm_samples
                0x00007dd5                HAL
                0x0000b16c                . = ALIGN (0x2)
 *fill*         0x0000b16b        0x1 00
                0x0000b16c                __trampolines_start = .
 *(.trampolines)
 .trampolines   0x0000b16c        0x0 linker stubs
 *(.trampolines*)
                0x0000b16c                __trampolines_end = .
 *(.jumptables)
 *(.jumptables*)
 *(.lowtext)
 *(.lowtext*)
                0x0000b16c                __ctors_start = .
 *(.ctors)
                0x0000b16c                __ctors_end = .
                0x0000b16c                __dtors_start = .
 *(.dtors)
                0x0000b16c                __dtors_end = .
 SORT(*)(.ctors)
 SORT(*)(.dtors)
 *(.init0)
 .init0         0x0000b16c        0x0 c:/winavr-20100110/bin/../lib/gcc/avr/4.3.3/../../../../avr/lib/avr5/crtm644p.o
                0x0000b16c                __init
 *(.init0)
 *(.init1)
 *(.init1)
 *(.init2)
 .init2         0x0000b16c        0xc c:/winavr-20100110/bin/../lib/gcc/avr/4.3.3/../../../../avr/lib/avr5/crtm644p.o
 *(.init2)
 *(.init3)
 *(.init3)
 *(.init4)
 .init4         0x0000b178       0x16 c:/winavr-20100110/bin/../lib/gcc/avr/4.3.3/avr5\libgcc.a(_copy_data.o)
                0x0000b178                __do_copy_data
 .init4         0x0000b18e       0x10 c:/winavr-20100110/bin/../lib/gcc/avr/4.3.3/avr5\libgcc.a(_clear_bss.o)
                0x0000b18e                __do_clear_bss
 *(.init4)
 *(.init5)
 *(.init5)
 *(.init6)
 *(.init6)
 *(.init7)
 *(.init7)
 *(.init8)
 *(.init8)
 *(.init9)
 .init9         0x0000b19e        0x8 c:/winavr-20100110/bin/../lib/gcc/avr/4.3.3/../../../../avr/lib/avr5/crtm644p.o
 *(.init9)
 *(.text)
 .text          0x0000b1a6        0x4 c:/winavr-20100110/bin/../lib/gcc/avr/4.3.3/../../../../avr/lib/avr5/crtm644p.o
                0x0000b1a6                __vector_22
                0x0000b1a6                __vector_28
                0x0000b1a6                __vector_1
                0x0000b1a6                __vector_24
                0x0000b1a6                __vector_12
                0x0000b1a6                __bad_interrupt
                0x0000b1a6                __vector_3
                0x0000b1a6                __vector_23
                0x0000b1a6                __vector_30
                0x0000b1a6                __vector_25
                0x0000b1a6                __vector_13
                0x0000b1a6                __vector_17
                0x0000b1a6                __vector_19
                0x0000b1a6                __vector_7
                0x0000b1a6                __vector_27
                0x0000b1a6                __vector_5
                0x0000b1a6                __vector_4
                0x0000b1a6                __vector_2
                0x0000b1a6                __vector_29
                0x0000b1a6                __vector_8
                0x0000b1a6                __vector_26
                0x0000b1a6                __vector_14
                0x0000b1a6                __vector_10
                0x0000b1aa                . = ALIGN (0x2)
 *(.text.*)
 .text.__vector_15
                0x0000b1aa       0x14 lambdaspeak.o
                0x0000b1aa                __vector_15
 .text.__vector_11
                0x0000b1be       0x14 lambdaspeak.o
                0x0000b1be                __vector_11
 .text.__vector_9
                0x0000b1d2       0x14 lambdaspeak.o
                0x0000b1d2                __vector_9
 .text.__vector_18
                0x0000b1e6       0x14 lambdaspeak.o
                0x0000b1e6                __vector_18
 .text.__vector_6
                0x0000b1fa       0x3e lambdaspeak.o
                0x0000b1fa                __vector_6
 .text.wdt_init
                0x0000b238       0x1a lambdaspeak.o
                0x0000b238                wdt_init
 .text.spi_begin_epson
                0x0000b252       0x2c lambdaspeak.o
                0x0000b252                spi_begin_epson
 .text.blink_led_fast
                0x0000b27e       0x3c lambdaspeak.o
                0x0000b27e                blink_led_fast
 .text.blink_led_slow
                0x0000b2ba       0x50 lambdaspeak.o
                0x0000b2ba                blink_led_slow
 .text.blink_leds
                0x0000b30a        0xa lambdaspeak.o
                0x0000b30a                blink_leds
 .text.check_for_error
                0x0000b314       0x28 lambdaspeak.o
                0x0000b314                check_for_error
 .text.tts_reset
                0x0000b33c       0x32 lambdaspeak.o
                0x0000b33c                tts_reset
 .text.tts_send_message
                0x0000b36e       0x48 lambdaspeak.o
                0x0000b36e                tts_send_message
 .text.tts_send_padding
                0x0000b3b6       0x24 lambdaspeak.o
                0x0000b3b6                tts_send_padding
 .text.tts_get_version
                0x0000b3da       0x88 lambdaspeak.o
                0x0000b3da                tts_get_version
 .text.tts_parse_response
                0x0000b462       0xce lambdaspeak.o
                0x0000b462                tts_parse_response
 .text.tts_configure_audio
                0x0000b530       0x7c lambdaspeak.o
                0x0000b530                tts_configure_audio
 .text.tts_registration
                0x0000b5ac       0x52 lambdaspeak.o
                0x0000b5ac                tts_registration
 .text.tts_load_chunk
                0x0000b5fe       0xba lambdaspeak.o
                0x0000b5fe                tts_load_chunk
 .text.tts_download
                0x0000b6b8       0x3c lambdaspeak.o
                0x0000b6b8                tts_download
 .text.tts_boot_run
                0x0000b6f4       0x42 lambdaspeak.o
                0x0000b6f4                tts_boot_run
 .text.tts_speech_progmem
                0x0000b736       0x98 lambdaspeak.o
                0x0000b736                tts_speech_progmem
 .text.tts_configure
                0x0000b7ce       0xa0 lambdaspeak.o
                0x0000b7ce                tts_configure
 .text.tts_configure_dectalk
                0x0000b86e        0x8 lambdaspeak.o
                0x0000b86e                tts_configure_dectalk
 .text.tts_configure_epson
                0x0000b876        0x8 lambdaspeak.o
                0x0000b876                tts_configure_epson
 .text.tts_configure_current
                0x0000b87e        0xa lambdaspeak.o
                0x0000b87e                tts_configure_current
 .text.tts_set_volume
                0x0000b888       0x4c lambdaspeak.o
                0x0000b888                tts_set_volume
 .text.tts_stop
                0x0000b8d4       0x4c lambdaspeak.o
                0x0000b8d4                tts_stop
 .text.tts_setup
                0x0000b920       0x68 lambdaspeak.o
                0x0000b920                tts_setup
 .text.speak_progmem
                0x0000b988        0xc lambdaspeak.o
                0x0000b988                speak_progmem
 .text.init_allophones
                0x0000b994      0x2c6 lambdaspeak.o
                0x0000b994                init_allophones
 .text.init_pins
                0x0000bc5a       0x1e lambdaspeak.o
                0x0000bc5a                init_pins
 .text.stop     0x0000bc78       0x12 lambdaspeak.o
                0x0000bc78                stop
 .text.cont     0x0000bc8a       0x44 lambdaspeak.o
                0x0000bc8a                cont
 .text.proceed  0x0000bcce       0x20 lambdaspeak.o
                0x0000bcce                proceed
 .text.setup_pcm
                0x0000bcee       0x40 lambdaspeak.o
                0x0000bcee                setup_pcm
 .text.DECtoBCD
                0x0000bd2e       0x22 lambdaspeak.o
                0x0000bd2e                DECtoBCD
 .text.ds3231_init
                0x0000bd50       0x60 lambdaspeak.o
                0x0000bd50                ds3231_init
 .text.ds3231_set_24
                0x0000bdb0       0xdc lambdaspeak.o
                0x0000bdb0                ds3231_set_24
 .text.ds3231_get
                0x0000be8c      0x1fc lambdaspeak.o
                0x0000be8c                ds3231_get
 .text.read_from_cpc_bcd
                0x0000c088       0x1a lambdaspeak.o
                0x0000c088                read_from_cpc_bcd
 .text.cpc_input_8bit
                0x0000c0a2       0xba lambdaspeak.o
                0x0000c0a2                cpc_input_8bit
 .text.i2c_get_clock_reg
                0x0000c15c       0x5c lambdaspeak.o
                0x0000c15c                i2c_get_clock_reg
 .text.i2c_get_temp
                0x0000c1b8       0x12 lambdaspeak.o
                0x0000c1b8                i2c_get_temp
 .text.speak_progmem_string_from
                0x0000c1ca       0x1a lambdaspeak.o
                0x0000c1ca                speak_progmem_string_from
 .text.speak_copyright_note
                0x0000c1e4       0x54 lambdaspeak.o
                0x0000c1e4                speak_copyright_note
 .text.speak_hal9000_quote
                0x0000c238       0x2e lambdaspeak.o
                0x0000c238                speak_hal9000_quote
 .text.wait_and_echo_single_byte
                0x0000c266       0x82 lambdaspeak.o
                0x0000c266                wait_and_echo_single_byte
 .text.usart_on0
                0x0000c2e8      0x1e6 lambdaspeak.o
                0x0000c2e8                usart_on0
 .text.usart_init
                0x0000c4ce       0x2e lambdaspeak.o
                0x0000c4ce                usart_init
 .text.__vector_20
                0x0000c4fc       0x98 lambdaspeak.o
                0x0000c4fc                __vector_20
 .text.USART_sendBuffer
                0x0000c594       0x50 lambdaspeak.o
                0x0000c594                USART_sendBuffer
 .text.__vector_21
                0x0000c5e4       0x32 lambdaspeak.o
                0x0000c5e4                __vector_21
 .text.tts_speech_content
                0x0000c616      0x100 lambdaspeak.o
                0x0000c616                tts_speech_content
 .text.sing_daisy
                0x0000c716       0xd8 lambdaspeak.o
                0x0000c716                sing_daisy
 .text.tts_speech
                0x0000c7ee       0xee lambdaspeak.o
                0x0000c7ee                tts_speech
 .text.speak    0x0000c8dc        0xc lambdaspeak.o
                0x0000c8dc                speak
 .text.command_confirm
                0x0000c8e8       0x12 lambdaspeak.o
                0x0000c8e8                command_confirm
 .text.echo_byte
                0x0000c8fa       0x96 lambdaspeak.o
                0x0000c8fa                echo_byte
 .text.echo_program
                0x0000c990       0x86 lambdaspeak.o
                0x0000c990                echo_program
 .text.echo_test_program
                0x0000ca16       0x4e lambdaspeak.o
                0x0000ca16                echo_test_program
 .text.cpc_input
                0x0000ca64      0x16e lambdaspeak.o
                0x0000ca64                cpc_input
 .text.get_version
                0x0000cbd2        0xe lambdaspeak.o
                0x0000cbd2                get_version
 .text.get_delay
                0x0000cbe0       0x10 lambdaspeak.o
                0x0000cbe0                get_delay
 .text.get_language
                0x0000cbf0       0x10 lambdaspeak.o
                0x0000cbf0                get_language
 .text.get_voice
                0x0000cc00       0x10 lambdaspeak.o
                0x0000cc00                get_voice
 .text.get_rate
                0x0000cc10       0x10 lambdaspeak.o
                0x0000cc10                get_rate
 .text.get_volume
                0x0000cc20       0x10 lambdaspeak.o
                0x0000cc20                get_volume
 .text.get_full_mode
                0x0000cc30       0x40 lambdaspeak.o
                0x0000cc30                get_full_mode
 .text.get_mode
                0x0000cc70       0x26 lambdaspeak.o
                0x0000cc70                get_mode
 .text.use_custom_amdrum
                0x0000cc96       0x10 lambdaspeak.o
                0x0000cc96                use_custom_amdrum
 .text.use_hq_amdrum
                0x0000cca6       0x10 lambdaspeak.o
                0x0000cca6                use_hq_amdrum
 .text.use_std_amdrum
                0x0000ccb6        0xe lambdaspeak.o
                0x0000ccb6                use_std_amdrum
 .text.slow_getters
                0x0000ccc4       0x12 lambdaspeak.o
                0x0000ccc4                slow_getters
 .text.medium_getters
                0x0000ccd6       0x16 lambdaspeak.o
                0x0000ccd6                medium_getters
 .text.fast_getters
                0x0000ccec       0x16 lambdaspeak.o
                0x0000ccec                fast_getters
 .text.spanish  0x0000cd02       0x14 lambdaspeak.o
                0x0000cd02                spanish
 .text.english  0x0000cd16       0x12 lambdaspeak.o
                0x0000cd16                english
 .text.set_buffer_delay
                0x0000cd28       0x74 lambdaspeak.o
                0x0000cd28                set_buffer_delay
 .text.set_buffer_delay_default
                0x0000cd9c        0x8 lambdaspeak.o
                0x0000cd9c                set_buffer_delay_default
 .text.set_rate
                0x0000cda4       0x5a lambdaspeak.o
                0x0000cda4                set_rate
 .text.set_rate_default
                0x0000cdfe        0x8 lambdaspeak.o
                0x0000cdfe                set_rate_default
 .text.set_volume
                0x0000ce06       0x5a lambdaspeak.o
                0x0000ce06                set_volume
 .text.set_volume_default
                0x0000ce60        0x8 lambdaspeak.o
                0x0000ce60                set_volume_default
 .text.set_voice
                0x0000ce68       0x5a lambdaspeak.o
                0x0000ce68                set_voice
 .text.set_voice_default
                0x0000cec2        0x8 lambdaspeak.o
                0x0000cec2                set_voice_default
 .text.confirmations_on
                0x0000ceca       0x10 lambdaspeak.o
                0x0000ceca                confirmations_on
 .text.blocking
                0x0000ceda       0x10 lambdaspeak.o
                0x0000ceda                blocking
 .text.blocking_confirmations
                0x0000ceea        0xe lambdaspeak.o
                0x0000ceea                blocking_confirmations
 .text.non_blocking_confirmations
                0x0000cef8       0x10 lambdaspeak.o
                0x0000cef8                non_blocking_confirmations
 .text.non_blocking
                0x0000cf08        0xe lambdaspeak.o
                0x0000cf08                non_blocking
 .text.native_mode_dectalk
                0x0000cf16       0x14 lambdaspeak.o
                0x0000cf16                native_mode_dectalk
 .text.dktronics_mode
                0x0000cf2a       0x14 lambdaspeak.o
                0x0000cf2a                dktronics_mode
 .text.ssa1_mode
                0x0000cf3e       0x12 lambdaspeak.o
                0x0000cf3e                ssa1_mode
 .text.native_mode_epson
                0x0000cf50       0x14 lambdaspeak.o
                0x0000cf50                native_mode_epson
 .text.i2c_set_date
                0x0000cf64       0xe6 lambdaspeak.o
                0x0000cf64                i2c_set_date
 .text.i2c_set_time
                0x0000d04a       0xb8 lambdaspeak.o
                0x0000d04a                i2c_set_time
 .text.i2c_speak_temp
                0x0000d102       0x72 lambdaspeak.o
                0x0000d102                i2c_speak_temp
 .text.i2c_get_time_or_date
                0x0000d174      0x1d4 lambdaspeak.o
                0x0000d174                i2c_get_time_or_date
 .text.i2c_speak_date
                0x0000d348        0x8 lambdaspeak.o
                0x0000d348                i2c_speak_date
 .text.i2c_speak_time
                0x0000d350        0x8 lambdaspeak.o
                0x0000d350                i2c_speak_time
 .text.amdrum_mode_custom
                0x0000d358      0x290 lambdaspeak.o
                0x0000d358                amdrum_mode_custom
 .text.amdrum_mode
                0x0000d5e8      0x142 lambdaspeak.o
                0x0000d5e8                amdrum_mode
 .text.amdrum_mode_hq
                0x0000d72a       0x68 lambdaspeak.o
                0x0000d72a                amdrum_mode_hq
 .text.pcm_test
                0x0000d792       0xf4 lambdaspeak.o
                0x0000d792                pcm_test
 .text.speech_ready_message
                0x0000d886       0x5a lambdaspeak.o
                0x0000d886                speech_ready_message
 .text.usart_mode_loop
                0x0000d8e0      0xd9e lambdaspeak.o
                0x0000d8e0                usart_mode_loop
 .text.speak_buffer
                0x0000e67e      0x182 lambdaspeak.o
                0x0000e67e                speak_buffer
 .text.flush_command
                0x0000e800       0x1a lambdaspeak.o
                0x0000e800                flush_command
 .text.process_control
                0x0000e81a      0x1ea lambdaspeak.o
                0x0000e81a                process_control
 .text.main     0x0000ea04      0x40e lambdaspeak.o
                0x0000ea04                main
 .text.__vector_16
                0x0000ee12       0x9e lambdaspeak.o
                0x0000ee12                __vector_16
 .text.libgcc   0x0000eeb0       0x18 c:/winavr-20100110/bin/../lib/gcc/avr/4.3.3/avr5\libgcc.a(_udivmodqi4.o)
                0x0000eeb0                __udivmodqi4
 .text.libgcc   0x0000eec8       0x26 c:/winavr-20100110/bin/../lib/gcc/avr/4.3.3/avr5\libgcc.a(_divmodhi4.o)
                0x0000eec8                __divmodhi4
                0x0000eec8                _div
 .text.libgcc   0x0000eeee       0x28 c:/winavr-20100110/bin/../lib/gcc/avr/4.3.3/avr5\libgcc.a(_udivmodhi4.o)
                0x0000eeee                __udivmodhi4
 .text.avr-libc
                0x0000ef16       0x48 c:/winavr-20100110/bin/../lib/gcc/avr/4.3.3/../../../../avr/lib/avr5\libc.a(sprintf.o)
                0x0000ef16                sprintf
 .text.avr-libc
                0x0000ef5e      0x3ba c:/winavr-20100110/bin/../lib/gcc/avr/4.3.3/../../../../avr/lib/avr5\libc.a(vfprintf_std.o)
                0x0000ef5e                vfprintf
 .text.avr-libc
                0x0000f318       0x16 c:/winavr-20100110/bin/../lib/gcc/avr/4.3.3/../../../../avr/lib/avr5\libc.a(strnlen_P.o)
                0x0000f318                strnlen_P
 .text.avr-libc
                0x0000f32e       0x16 c:/winavr-20100110/bin/../lib/gcc/avr/4.3.3/../../../../avr/lib/avr5\libc.a(strnlen.o)
                0x0000f32e                strnlen
 .text.avr-libc
                0x0000f344       0x58 c:/winavr-20100110/bin/../lib/gcc/avr/4.3.3/../../../../avr/lib/avr5\libc.a(fputc.o)
                0x0000f344                fputc
 .text.avr-libc
                0x0000f39c       0xbc c:/winavr-20100110/bin/../lib/gcc/avr/4.3.3/../../../../avr/lib/avr5\libc.a(ultoa_invert.o)
                0x0000f39c                __ultoa_invert
 .text.libgcc   0x0000f458       0x38 c:/winavr-20100110/bin/../lib/gcc/avr/4.3.3/avr5\libgcc.a(_prologue.o)
                0x0000f458                __prologue_saves__
 .text.libgcc   0x0000f490       0x36 c:/winavr-20100110/bin/../lib/gcc/avr/4.3.3/avr5\libgcc.a(_epilogue.o)
                0x0000f490                __epilogue_restores__
                0x0000f4c6                . = ALIGN (0x2)
 *(.fini9)
 .fini9         0x0000f4c6        0x0 c:/winavr-20100110/bin/../lib/gcc/avr/4.3.3/avr5\libgcc.a(_exit.o)
                0x0000f4c6                exit
                0x0000f4c6                _exit
 *(.fini9)
 *(.fini8)
 *(.fini8)
 *(.fini7)
 *(.fini7)
 *(.fini6)
 *(.fini6)
 *(.fini5)
 *(.fini5)
 *(.fini4)
 *(.fini4)
 *(.fini3)
 *(.fini3)
 *(.fini2)
 *(.fini2)
 *(.fini1)
 *(.fini1)
 *(.fini0)
 .fini0         0x0000f4c6        0x4 c:/winavr-20100110/bin/../lib/gcc/avr/4.3.3/avr5\libgcc.a(_exit.o)
 *(.fini0)
                0x0000f4ca                _etext = .

.data           0x00800100      0xa6c load address 0x0000f4ca
                0x00800100                PROVIDE (__data_start, .)
 *(.data)
 .data          0x00800100      0xa47 lambdaspeak.o
 *(.data*)
 .data.CUR_MODE
                0x00800b47        0x1 lambdaspeak.o
 .data.LAST_MODE
                0x00800b48        0x1 lambdaspeak.o
 .data.BLOCKING
                0x00800b49        0x1 lambdaspeak.o
 .data.SERIAL_WIDTH
                0x00800b4a        0x1 lambdaspeak.o
 .data.SERIAL_STOP_BITS
                0x00800b4b        0x1 lambdaspeak.o
 .data.SERIAL_BAUDRATE
                0x00800b4c        0x1 lambdaspeak.o
 .data.VOICE    0x00800b4d        0x1 lambdaspeak.o
 .data.SPEAK_RATE
                0x00800b4e        0x1 lambdaspeak.o
 .data.VOLUME   0x00800b4f        0x1 lambdaspeak.o
 .data.FLUSH_BUFFER_DELAY
                0x00800b50        0x1 lambdaspeak.o
 .data.CONFIRM_COMMANDS
                0x00800b51        0x1 lambdaspeak.o
 .data.ssa1_and_dk_flush_buffer_after_ms
                0x00800b52        0x1 lambdaspeak.o
 .data.ssa_dktronics_loadme_again_after_ms
                0x00800b53        0x1 lambdaspeak.o
 *(.rodata)
 *(.rodata*)
 .rodata.C.72.2442
                0x00800b54        0x6 lambdaspeak.o
 .rodata.C.71.2435
                0x00800b5a        0x6 lambdaspeak.o
 .rodata.C.12.2177
                0x00800b60        0xc lambdaspeak.o
 *(.gnu.linkonce.d*)
                0x00800b6c                . = ALIGN (0x2)
                0x00800b6c                _edata = .
                0x00800b6c                PROVIDE (__data_end, .)

.bss            0x00800b6c      0x38c
                0x00800b6c                PROVIDE (__bss_start, .)
 *(.bss)
 *(.bss*)
 .bss.emulated_ssa1_dktronics_ms_counter
                0x00800b6c        0x1 lambdaspeak.o
 .bss.databus   0x00800b6d        0x1 lambdaspeak.o
 .bss.length    0x00800b6e        0x1 lambdaspeak.o
 .bss.buffer    0x00800b6f      0x100 lambdaspeak.o
 .bss.STOP_NOW  0x00800c6f        0x1 lambdaspeak.o
 .bss.emulated_ssa1_buffer_size
                0x00800c70        0x1 lambdaspeak.o
 .bss.NON_BLOCK_CONFIRMATIONS
                0x00800c71        0x1 lambdaspeak.o
 .bss.CUR_AMDRUM_MODE
                0x00800c72        0x1 lambdaspeak.o
 .bss.usart_ring_buffer
                0x00800c73        0x1 lambdaspeak.o
 .bss.usart_input_buffer_index
                0x00800c74        0x2 lambdaspeak.o
 .bss.from_cpc_input_buffer_index
                0x00800c76        0x2 lambdaspeak.o
 .bss.cpc_read_cursor
                0x00800c78        0x2 lambdaspeak.o
 .bss.send_msg  0x00800c7a      0x10c lambdaspeak.o
 .bss.databus1  0x00800d86        0x1 lambdaspeak.o
 .bss.FAST_CPC_GETTERS
                0x00800d87        0x2 lambdaspeak.o
 .bss.SERIAL_RATE
                0x00800d89        0x4 lambdaspeak.o
 .bss.SERIAL_PARITY
                0x00800d8d        0x1 lambdaspeak.o
 .bss.databus2  0x00800d8e        0x1 lambdaspeak.o
 .bss.hal_quote
                0x00800d8f        0x1 lambdaspeak.o
 .bss.LANGUAGE  0x00800d90        0x1 lambdaspeak.o
 .bss.rcvd_msg  0x00800d91       0x14 lambdaspeak.o
 .bss.command_string
                0x00800da5       0xbc lambdaspeak.o
 .bss.rtc_seconds
                0x00800e61        0x1 lambdaspeak.o
 .bss.rtc_minutes
                0x00800e62        0x1 lambdaspeak.o
 .bss.rtc_hours
                0x00800e63        0x1 lambdaspeak.o
 .bss.rtc_month
                0x00800e64        0x1 lambdaspeak.o
 .bss.rtc_year  0x00800e65        0x1 lambdaspeak.o
 .bss.rtc_date  0x00800e66        0x1 lambdaspeak.o
 .bss.rtc_weekday
                0x00800e67        0x1 lambdaspeak.o
 .bss.rtc_msb_temp
                0x00800e68        0x1 lambdaspeak.o
 .bss.rtc_hours_dec
                0x00800e69        0x1 lambdaspeak.o
 .bss.rtc_mins_dec
                0x00800e6a        0x1 lambdaspeak.o
 .bss.rtc_secs_dec
                0x00800e6b        0x1 lambdaspeak.o
 .bss.rtc_year_dec
                0x00800e6c        0x1 lambdaspeak.o
 .bss.rtc_month_dec
                0x00800e6d        0x1 lambdaspeak.o
 .bss.rtc_date_dec
                0x00800e6e        0x1 lambdaspeak.o
 .bss.rtc_weekday_dec
                0x00800e6f        0x1 lambdaspeak.o
 .bss.TTS_DATA_IDX
                0x00800e70        0x2 lambdaspeak.o
 .bss.msg_index
                0x00800e72        0x2 lambdaspeak.o
 .bss.msg_len   0x00800e74        0x2 lambdaspeak.o
 .bss.txt_len   0x00800e76        0x2 lambdaspeak.o
 .bss.allo_map  0x00800e78       0x80 lambdaspeak.o
 *(COMMON)
                0x00800ef8                PROVIDE (__bss_end, .)
                0x0000f4ca                __data_load_start = LOADADDR (.data)
                0x0000ff36                __data_load_end = (__data_load_start + SIZEOF (.data))

.noinit         0x00800ef8        0x0
                0x00800ef8                PROVIDE (__noinit_start, .)
 *(.noinit*)
                0x00800ef8                PROVIDE (__noinit_end, .)
                0x00800ef8                _end = .
                0x00800ef8                PROVIDE (__heap_start, .)

.eeprom         0x00810000        0x0
 *(.eeprom*)
                0x00810000                __eeprom_end = .

.fuse
 *(.fuse)
 *(.lfuse)
 *(.hfuse)
 *(.efuse)

.lock
 *(.lock*)

.signature
 *(.signature*)

.stab
 *(.stab)

.stabstr
 *(.stabstr)

.stab.excl
 *(.stab.excl)

.stab.exclstr
 *(.stab.exclstr)

.stab.index
 *(.stab.index)

.stab.indexstr
 *(.stab.indexstr)

.comment
 *(.comment)

.debug
 *(.debug)

.line
 *(.line)

.debug_srcinfo
 *(.debug_srcinfo)

.debug_sfnames
 *(.debug_sfnames)

.debug_aranges  0x00000000      0x458
 *(.debug_aranges)
 .debug_aranges
                0x00000000      0x458 lambdaspeak.o

.debug_pubnames
                0x00000000      0xa69
 *(.debug_pubnames)
 .debug_pubnames
                0x00000000      0xa69 lambdaspeak.o

.debug_info     0x00000000     0x3cd6
 *(.debug_info)
 .debug_info    0x00000000     0x3cd6 lambdaspeak.o
 *(.gnu.linkonce.wi.*)

.debug_abbrev   0x00000000      0x320
 *(.debug_abbrev)
 .debug_abbrev  0x00000000      0x320 lambdaspeak.o

.debug_line     0x00000000     0x4789
 *(.debug_line)
 .debug_line    0x00000000     0x4789 lambdaspeak.o

.debug_frame    0x00000000      0x890
 *(.debug_frame)
 .debug_frame   0x00000000      0x890 lambdaspeak.o

.debug_str      0x00000000      0xee8
 *(.debug_str)
 .debug_str     0x00000000      0xee8 lambdaspeak.o
                                0xfc8 (size before relaxing)

.debug_loc      0x00000000     0x2f37
 *(.debug_loc)
 .debug_loc     0x00000000     0x2f37 lambdaspeak.o

.debug_macinfo
 *(.debug_macinfo)
OUTPUT(atmega644-20pu.elf elf32-avr)
LOAD linker stubs

.debug_ranges   0x00000000      0x9d8
 .debug_ranges  0x00000000      0x9d8 lambdaspeak.o
