Archive member included because of file (symbol)

c:/winavr-20100110/bin/../lib/gcc/avr/4.3.3/avr5\libgcc.a(_udivmodqi4.o)
                              lambdaspeak.o (__udivmodqi4)
c:/winavr-20100110/bin/../lib/gcc/avr/4.3.3/avr5\libgcc.a(_divmodhi4.o)
                              lambdaspeak.o (__divmodhi4)
c:/winavr-20100110/bin/../lib/gcc/avr/4.3.3/avr5\libgcc.a(_exit.o)
                              c:/winavr-20100110/bin/../lib/gcc/avr/4.3.3/../../../../avr/lib/avr5/crtm644p.o (exit)
c:/winavr-20100110/bin/../lib/gcc/avr/4.3.3/avr5\libgcc.a(_copy_data.o)
                              lambdaspeak.o (__do_copy_data)
c:/winavr-20100110/bin/../lib/gcc/avr/4.3.3/avr5\libgcc.a(_clear_bss.o)
                              lambdaspeak.o (__do_clear_bss)
c:/winavr-20100110/bin/../lib/gcc/avr/4.3.3/avr5\libgcc.a(_udivmodhi4.o)
                              c:/winavr-20100110/bin/../lib/gcc/avr/4.3.3/avr5\libgcc.a(_divmodhi4.o) (__udivmodhi4)
c:/winavr-20100110/bin/../lib/gcc/avr/4.3.3/../../../../avr/lib/avr5\libc.a(sprintf.o)
                              lambdaspeak.o (sprintf)
c:/winavr-20100110/bin/../lib/gcc/avr/4.3.3/../../../../avr/lib/avr5\libc.a(vfprintf_std.o)
                              c:/winavr-20100110/bin/../lib/gcc/avr/4.3.3/../../../../avr/lib/avr5\libc.a(sprintf.o) (vfprintf)
c:/winavr-20100110/bin/../lib/gcc/avr/4.3.3/../../../../avr/lib/avr5\libc.a(strnlen_P.o)
                              c:/winavr-20100110/bin/../lib/gcc/avr/4.3.3/../../../../avr/lib/avr5\libc.a(vfprintf_std.o) (strnlen_P)
c:/winavr-20100110/bin/../lib/gcc/avr/4.3.3/../../../../avr/lib/avr5\libc.a(strnlen.o)
                              c:/winavr-20100110/bin/../lib/gcc/avr/4.3.3/../../../../avr/lib/avr5\libc.a(vfprintf_std.o) (strnlen)
c:/winavr-20100110/bin/../lib/gcc/avr/4.3.3/../../../../avr/lib/avr5\libc.a(fputc.o)
                              c:/winavr-20100110/bin/../lib/gcc/avr/4.3.3/../../../../avr/lib/avr5\libc.a(vfprintf_std.o) (fputc)
c:/winavr-20100110/bin/../lib/gcc/avr/4.3.3/../../../../avr/lib/avr5\libc.a(ultoa_invert.o)
                              c:/winavr-20100110/bin/../lib/gcc/avr/4.3.3/../../../../avr/lib/avr5\libc.a(vfprintf_std.o) (__ultoa_invert)
c:/winavr-20100110/bin/../lib/gcc/avr/4.3.3/avr5\libgcc.a(_prologue.o)
                              c:/winavr-20100110/bin/../lib/gcc/avr/4.3.3/../../../../avr/lib/avr5\libc.a(sprintf.o) (__prologue_saves__)
c:/winavr-20100110/bin/../lib/gcc/avr/4.3.3/avr5\libgcc.a(_epilogue.o)
                              c:/winavr-20100110/bin/../lib/gcc/avr/4.3.3/../../../../avr/lib/avr5\libc.a(sprintf.o) (__epilogue_restores__)

Discarded input sections

 .data          0x00000000        0x0 c:/winavr-20100110/bin/../lib/gcc/avr/4.3.3/../../../../avr/lib/avr5/crtm644p.o
 .bss           0x00000000        0x0 c:/winavr-20100110/bin/../lib/gcc/avr/4.3.3/../../../../avr/lib/avr5/crtm644p.o
 .text          0x00000000        0x0 lambdaspeak.o
 .bss           0x00000000        0x0 lambdaspeak.o
 .text.process_reset
                0x00000000        0x0 lambdaspeak.o
 .text.init_reset_handler
                0x00000000        0x0 lambdaspeak.o
 .text.enable_write_isr
                0x00000000        0x0 lambdaspeak.o
 .text.disable_write_isr
                0x00000000        0x0 lambdaspeak.o
 .text.spi_transceive_epson
                0x00000000        0x0 lambdaspeak.o
 .text.spi_transfer_epson
                0x00000000        0x0 lambdaspeak.o
 .text.spi_begin_epson_transaction
                0x00000000        0x0 lambdaspeak.o
 .text.spi_end_epson_transaction
                0x00000000        0x0 lambdaspeak.o
 .text.convert_speak_rate
                0x00000000        0x0 lambdaspeak.o
 .text.convert_volume
                0x00000000        0x0 lambdaspeak.o
 .text.tts_speech_start
                0x00000000        0x0 lambdaspeak.o
 .text.tts_speech_char
                0x00000000        0x0 lambdaspeak.o
 .text.cont0    0x00000000        0x0 lambdaspeak.o
 .text.twi_init
                0x00000000        0x0 lambdaspeak.o
 .text.twi_start
                0x00000000        0x0 lambdaspeak.o
 .text.twi_stop
                0x00000000        0x0 lambdaspeak.o
 .text.twi_send
                0x00000000        0x0 lambdaspeak.o
 .text.twi_receive
                0x00000000        0x0 lambdaspeak.o
 .text.BCDtoDEC
                0x00000000        0x0 lambdaspeak.o
 .text.confirmations_off
                0x00000000        0x0 lambdaspeak.o
 .text.usart_off
                0x00000000        0x0 lambdaspeak.o
 .text.speak_dectalk
                0x00000000        0x0 lambdaspeak.o
 .text.announce_cur_mode
                0x00000000        0x0 lambdaspeak.o
 .rodata.num_quotes
                0x00000000        0x0 lambdaspeak.o
 .rodata.pcm_length
                0x00000000        0x0 lambdaspeak.o
 .text          0x00000000        0x0 c:/winavr-20100110/bin/../lib/gcc/avr/4.3.3/avr5\libgcc.a(_udivmodqi4.o)
 .data          0x00000000        0x0 c:/winavr-20100110/bin/../lib/gcc/avr/4.3.3/avr5\libgcc.a(_udivmodqi4.o)
 .bss           0x00000000        0x0 c:/winavr-20100110/bin/../lib/gcc/avr/4.3.3/avr5\libgcc.a(_udivmodqi4.o)
 .text          0x00000000        0x0 c:/winavr-20100110/bin/../lib/gcc/avr/4.3.3/avr5\libgcc.a(_divmodhi4.o)
 .data          0x00000000        0x0 c:/winavr-20100110/bin/../lib/gcc/avr/4.3.3/avr5\libgcc.a(_divmodhi4.o)
 .bss           0x00000000        0x0 c:/winavr-20100110/bin/../lib/gcc/avr/4.3.3/avr5\libgcc.a(_divmodhi4.o)
 .text          0x00000000        0x0 c:/winavr-20100110/bin/../lib/gcc/avr/4.3.3/avr5\libgcc.a(_exit.o)
 .data          0x00000000        0x0 c:/winavr-20100110/bin/../lib/gcc/avr/4.3.3/avr5\libgcc.a(_exit.o)
 .bss           0x00000000        0x0 c:/winavr-20100110/bin/../lib/gcc/avr/4.3.3/avr5\libgcc.a(_exit.o)
 .text.libgcc   0x00000000        0x0 c:/winavr-20100110/bin/../lib/gcc/avr/4.3.3/avr5\libgcc.a(_exit.o)
 .text          0x00000000        0x0 c:/winavr-20100110/bin/../lib/gcc/avr/4.3.3/avr5\libgcc.a(_copy_data.o)
 .data          0x00000000        0x0 c:/winavr-20100110/bin/../lib/gcc/avr/4.3.3/avr5\libgcc.a(_copy_data.o)
 .bss           0x00000000        0x0 c:/winavr-20100110/bin/../lib/gcc/avr/4.3.3/avr5\libgcc.a(_copy_data.o)
 .text.libgcc   0x00000000        0x0 c:/winavr-20100110/bin/../lib/gcc/avr/4.3.3/avr5\libgcc.a(_copy_data.o)
 .text          0x00000000        0x0 c:/winavr-20100110/bin/../lib/gcc/avr/4.3.3/avr5\libgcc.a(_clear_bss.o)
 .data          0x00000000        0x0 c:/winavr-20100110/bin/../lib/gcc/avr/4.3.3/avr5\libgcc.a(_clear_bss.o)
 .bss           0x00000000        0x0 c:/winavr-20100110/bin/../lib/gcc/avr/4.3.3/avr5\libgcc.a(_clear_bss.o)
 .text.libgcc   0x00000000        0x0 c:/winavr-20100110/bin/../lib/gcc/avr/4.3.3/avr5\libgcc.a(_clear_bss.o)
 .text          0x00000000        0x0 c:/winavr-20100110/bin/../lib/gcc/avr/4.3.3/avr5\libgcc.a(_udivmodhi4.o)
 .data          0x00000000        0x0 c:/winavr-20100110/bin/../lib/gcc/avr/4.3.3/avr5\libgcc.a(_udivmodhi4.o)
 .bss           0x00000000        0x0 c:/winavr-20100110/bin/../lib/gcc/avr/4.3.3/avr5\libgcc.a(_udivmodhi4.o)
 .text          0x00000000        0x0 c:/winavr-20100110/bin/../lib/gcc/avr/4.3.3/../../../../avr/lib/avr5\libc.a(sprintf.o)
 .data          0x00000000        0x0 c:/winavr-20100110/bin/../lib/gcc/avr/4.3.3/../../../../avr/lib/avr5\libc.a(sprintf.o)
 .bss           0x00000000        0x0 c:/winavr-20100110/bin/../lib/gcc/avr/4.3.3/../../../../avr/lib/avr5\libc.a(sprintf.o)
 .text          0x00000000        0x0 c:/winavr-20100110/bin/../lib/gcc/avr/4.3.3/../../../../avr/lib/avr5\libc.a(vfprintf_std.o)
 .data          0x00000000        0x0 c:/winavr-20100110/bin/../lib/gcc/avr/4.3.3/../../../../avr/lib/avr5\libc.a(vfprintf_std.o)
 .bss           0x00000000        0x0 c:/winavr-20100110/bin/../lib/gcc/avr/4.3.3/../../../../avr/lib/avr5\libc.a(vfprintf_std.o)
 .text          0x00000000        0x0 c:/winavr-20100110/bin/../lib/gcc/avr/4.3.3/../../../../avr/lib/avr5\libc.a(strnlen_P.o)
 .data          0x00000000        0x0 c:/winavr-20100110/bin/../lib/gcc/avr/4.3.3/../../../../avr/lib/avr5\libc.a(strnlen_P.o)
 .bss           0x00000000        0x0 c:/winavr-20100110/bin/../lib/gcc/avr/4.3.3/../../../../avr/lib/avr5\libc.a(strnlen_P.o)
 .text          0x00000000        0x0 c:/winavr-20100110/bin/../lib/gcc/avr/4.3.3/../../../../avr/lib/avr5\libc.a(strnlen.o)
 .data          0x00000000        0x0 c:/winavr-20100110/bin/../lib/gcc/avr/4.3.3/../../../../avr/lib/avr5\libc.a(strnlen.o)
 .bss           0x00000000        0x0 c:/winavr-20100110/bin/../lib/gcc/avr/4.3.3/../../../../avr/lib/avr5\libc.a(strnlen.o)
 .text          0x00000000        0x0 c:/winavr-20100110/bin/../lib/gcc/avr/4.3.3/../../../../avr/lib/avr5\libc.a(fputc.o)
 .data          0x00000000        0x0 c:/winavr-20100110/bin/../lib/gcc/avr/4.3.3/../../../../avr/lib/avr5\libc.a(fputc.o)
 .bss           0x00000000        0x0 c:/winavr-20100110/bin/../lib/gcc/avr/4.3.3/../../../../avr/lib/avr5\libc.a(fputc.o)
 .text          0x00000000        0x0 c:/winavr-20100110/bin/../lib/gcc/avr/4.3.3/../../../../avr/lib/avr5\libc.a(ultoa_invert.o)
 .data          0x00000000        0x0 c:/winavr-20100110/bin/../lib/gcc/avr/4.3.3/../../../../avr/lib/avr5\libc.a(ultoa_invert.o)
 .bss           0x00000000        0x0 c:/winavr-20100110/bin/../lib/gcc/avr/4.3.3/../../../../avr/lib/avr5\libc.a(ultoa_invert.o)
 .text          0x00000000        0x0 c:/winavr-20100110/bin/../lib/gcc/avr/4.3.3/avr5\libgcc.a(_prologue.o)
 .data          0x00000000        0x0 c:/winavr-20100110/bin/../lib/gcc/avr/4.3.3/avr5\libgcc.a(_prologue.o)
 .bss           0x00000000        0x0 c:/winavr-20100110/bin/../lib/gcc/avr/4.3.3/avr5\libgcc.a(_prologue.o)
 .text          0x00000000        0x0 c:/winavr-20100110/bin/../lib/gcc/avr/4.3.3/avr5\libgcc.a(_epilogue.o)
 .data          0x00000000        0x0 c:/winavr-20100110/bin/../lib/gcc/avr/4.3.3/avr5\libgcc.a(_epilogue.o)
 .bss           0x00000000        0x0 c:/winavr-20100110/bin/../lib/gcc/avr/4.3.3/avr5\libgcc.a(_epilogue.o)

Memory Configuration

Name             Origin             Length             Attributes
text             0x00000000         0x00020000         xr
data             0x00800060         0x0000ffa0         rw !x
eeprom           0x00810000         0x00010000         rw !x
fuse             0x00820000         0x00000400         rw !x
lock             0x00830000         0x00000400         rw !x
signature        0x00840000         0x00000400         rw !x
*default*        0x00000000         0xffffffff

Linker script and memory map

Address of section .data set to 0x800100
LOAD c:/winavr-20100110/bin/../lib/gcc/avr/4.3.3/../../../../avr/lib/avr5/crtm644p.o
LOAD lambdaspeak.o
LOAD c:/winavr-20100110/bin/../lib/gcc/avr/4.3.3/avr5\libgcc.a
LOAD c:/winavr-20100110/bin/../lib/gcc/avr/4.3.3/../../../../avr/lib/avr5\libc.a
LOAD c:/winavr-20100110/bin/../lib/gcc/avr/4.3.3/avr5\libgcc.a

.hash
 *(.hash)

.dynsym
 *(.dynsym)

.dynstr
 *(.dynstr)

.gnu.version
 *(.gnu.version)

.gnu.version_d
 *(.gnu.version_d)

.gnu.version_r
 *(.gnu.version_r)

.rel.init
 *(.rel.init)

.rela.init
 *(.rela.init)

.rel.text
 *(.rel.text)
 *(.rel.text.*)
 *(.rel.gnu.linkonce.t*)

.rela.text
 *(.rela.text)
 *(.rela.text.*)
 *(.rela.gnu.linkonce.t*)

.rel.fini
 *(.rel.fini)

.rela.fini
 *(.rela.fini)

.rel.rodata
 *(.rel.rodata)
 *(.rel.rodata.*)
 *(.rel.gnu.linkonce.r*)

.rela.rodata
 *(.rela.rodata)
 *(.rela.rodata.*)
 *(.rela.gnu.linkonce.r*)

.rel.data
 *(.rel.data)
 *(.rel.data.*)
 *(.rel.gnu.linkonce.d*)

.rela.data
 *(.rela.data)
 *(.rela.data.*)
 *(.rela.gnu.linkonce.d*)

.rel.ctors
 *(.rel.ctors)

.rela.ctors
 *(.rela.ctors)

.rel.dtors
 *(.rel.dtors)

.rela.dtors
 *(.rela.dtors)

.rel.got
 *(.rel.got)

.rela.got
 *(.rela.got)

.rel.bss
 *(.rel.bss)

.rela.bss
 *(.rela.bss)

.rel.plt
 *(.rel.plt)

.rela.plt
 *(.rela.plt)

.text           0x00000000     0xf322
 *(.vectors)
 .vectors       0x00000000       0x7c c:/winavr-20100110/bin/../lib/gcc/avr/4.3.3/../../../../avr/lib/avr5/crtm644p.o
                0x00000000                __vectors
                0x00000000                __vector_default
 *(.vectors)
 *(.progmem.gcc*)
 .progmem.gcc_sw_table
                0x0000007c      0x100 lambdaspeak.o
 *(.progmem*)
 .progmem.data  0x0000017c     0xafed lambdaspeak.o
                0x00007b64                COPYRIGHT
                0x00007d5c                line5
                0x00007ce0                line4
                0x00007c29                line0
                0x0000017c                TTS_INIT_DATA
                0x00007c56                line1
                0x00007cb4                line3
                0x00007c75                line2
                0x00007ddf                pcm_samples
                0x00007dd3                HAL
                0x0000b16a                . = ALIGN (0x2)
 *fill*         0x0000b169        0x1 00
                0x0000b16a                __trampolines_start = .
 *(.trampolines)
 .trampolines   0x0000b16a        0x0 linker stubs
 *(.trampolines*)
                0x0000b16a                __trampolines_end = .
 *(.jumptables)
 *(.jumptables*)
 *(.lowtext)
 *(.lowtext*)
                0x0000b16a                __ctors_start = .
 *(.ctors)
                0x0000b16a                __ctors_end = .
                0x0000b16a                __dtors_start = .
 *(.dtors)
                0x0000b16a                __dtors_end = .
 SORT(*)(.ctors)
 SORT(*)(.dtors)
 *(.init0)
 .init0         0x0000b16a        0x0 c:/winavr-20100110/bin/../lib/gcc/avr/4.3.3/../../../../avr/lib/avr5/crtm644p.o
                0x0000b16a                __init
 *(.init0)
 *(.init1)
 *(.init1)
 *(.init2)
 .init2         0x0000b16a        0xc c:/winavr-20100110/bin/../lib/gcc/avr/4.3.3/../../../../avr/lib/avr5/crtm644p.o
 *(.init2)
 *(.init3)
 *(.init3)
 *(.init4)
 .init4         0x0000b176       0x16 c:/winavr-20100110/bin/../lib/gcc/avr/4.3.3/avr5\libgcc.a(_copy_data.o)
                0x0000b176                __do_copy_data
 .init4         0x0000b18c       0x10 c:/winavr-20100110/bin/../lib/gcc/avr/4.3.3/avr5\libgcc.a(_clear_bss.o)
                0x0000b18c                __do_clear_bss
 *(.init4)
 *(.init5)
 *(.init5)
 *(.init6)
 *(.init6)
 *(.init7)
 *(.init7)
 *(.init8)
 *(.init8)
 *(.init9)
 .init9         0x0000b19c        0x8 c:/winavr-20100110/bin/../lib/gcc/avr/4.3.3/../../../../avr/lib/avr5/crtm644p.o
 *(.init9)
 *(.text)
 .text          0x0000b1a4        0x4 c:/winavr-20100110/bin/../lib/gcc/avr/4.3.3/../../../../avr/lib/avr5/crtm644p.o
                0x0000b1a4                __vector_22
                0x0000b1a4                __vector_28
                0x0000b1a4                __vector_1
                0x0000b1a4                __vector_24
                0x0000b1a4                __vector_12
                0x0000b1a4                __bad_interrupt
                0x0000b1a4                __vector_3
                0x0000b1a4                __vector_23
                0x0000b1a4                __vector_30
                0x0000b1a4                __vector_25
                0x0000b1a4                __vector_13
                0x0000b1a4                __vector_17
                0x0000b1a4                __vector_19
                0x0000b1a4                __vector_7
                0x0000b1a4                __vector_27
                0x0000b1a4                __vector_5
                0x0000b1a4                __vector_4
                0x0000b1a4                __vector_2
                0x0000b1a4                __vector_21
                0x0000b1a4                __vector_29
                0x0000b1a4                __vector_8
                0x0000b1a4                __vector_26
                0x0000b1a4                __vector_14
                0x0000b1a4                __vector_10
                0x0000b1a8                . = ALIGN (0x2)
 *(.text.*)
 .text.__vector_15
                0x0000b1a8       0x14 lambdaspeak.o
                0x0000b1a8                __vector_15
 .text.__vector_11
                0x0000b1bc       0x14 lambdaspeak.o
                0x0000b1bc                __vector_11
 .text.__vector_9
                0x0000b1d0       0x14 lambdaspeak.o
                0x0000b1d0                __vector_9
 .text.__vector_18
                0x0000b1e4       0x14 lambdaspeak.o
                0x0000b1e4                __vector_18
 .text.__vector_6
                0x0000b1f8       0x48 lambdaspeak.o
                0x0000b1f8                __vector_6
 .text.wdt_init
                0x0000b240       0x1a lambdaspeak.o
                0x0000b240                wdt_init
 .text.spi_begin_epson
                0x0000b25a       0x2c lambdaspeak.o
                0x0000b25a                spi_begin_epson
 .text.blink_led_fast
                0x0000b286       0x3c lambdaspeak.o
                0x0000b286                blink_led_fast
 .text.blink_led_slow
                0x0000b2c2       0x50 lambdaspeak.o
                0x0000b2c2                blink_led_slow
 .text.blink_leds
                0x0000b312        0xa lambdaspeak.o
                0x0000b312                blink_leds
 .text.check_for_error
                0x0000b31c       0x28 lambdaspeak.o
                0x0000b31c                check_for_error
 .text.tts_reset
                0x0000b344       0x32 lambdaspeak.o
                0x0000b344                tts_reset
 .text.tts_send_message
                0x0000b376       0x48 lambdaspeak.o
                0x0000b376                tts_send_message
 .text.tts_send_padding
                0x0000b3be       0x24 lambdaspeak.o
                0x0000b3be                tts_send_padding
 .text.tts_get_version
                0x0000b3e2       0x88 lambdaspeak.o
                0x0000b3e2                tts_get_version
 .text.tts_parse_response
                0x0000b46a       0xce lambdaspeak.o
                0x0000b46a                tts_parse_response
 .text.tts_configure_audio
                0x0000b538       0x7c lambdaspeak.o
                0x0000b538                tts_configure_audio
 .text.tts_registration
                0x0000b5b4       0x52 lambdaspeak.o
                0x0000b5b4                tts_registration
 .text.tts_load_chunk
                0x0000b606       0xba lambdaspeak.o
                0x0000b606                tts_load_chunk
 .text.tts_download
                0x0000b6c0       0x3c lambdaspeak.o
                0x0000b6c0                tts_download
 .text.tts_boot_run
                0x0000b6fc       0x42 lambdaspeak.o
                0x0000b6fc                tts_boot_run
 .text.tts_speech_progmem
                0x0000b73e       0x98 lambdaspeak.o
                0x0000b73e                tts_speech_progmem
 .text.tts_configure
                0x0000b7d6       0xa0 lambdaspeak.o
                0x0000b7d6                tts_configure
 .text.tts_configure_dectalk
                0x0000b876        0x8 lambdaspeak.o
                0x0000b876                tts_configure_dectalk
 .text.tts_configure_epson
                0x0000b87e        0x8 lambdaspeak.o
                0x0000b87e                tts_configure_epson
 .text.tts_configure_current
                0x0000b886        0xa lambdaspeak.o
                0x0000b886                tts_configure_current
 .text.tts_set_volume
                0x0000b890       0x4c lambdaspeak.o
                0x0000b890                tts_set_volume
 .text.tts_stop
                0x0000b8dc       0x4c lambdaspeak.o
                0x0000b8dc                tts_stop
 .text.tts_setup
                0x0000b928       0x68 lambdaspeak.o
                0x0000b928                tts_setup
 .text.speak_progmem
                0x0000b990        0xc lambdaspeak.o
                0x0000b990                speak_progmem
 .text.init_allophones
                0x0000b99c      0x2c6 lambdaspeak.o
                0x0000b99c                init_allophones
 .text.init_pins
                0x0000bc62       0x1e lambdaspeak.o
                0x0000bc62                init_pins
 .text.stop     0x0000bc80       0x12 lambdaspeak.o
                0x0000bc80                stop
 .text.cont     0x0000bc92       0x44 lambdaspeak.o
                0x0000bc92                cont
 .text.proceed  0x0000bcd6       0x20 lambdaspeak.o
                0x0000bcd6                proceed
 .text.setup_pcm
                0x0000bcf6       0x40 lambdaspeak.o
                0x0000bcf6                setup_pcm
 .text.DECtoBCD
                0x0000bd36       0x22 lambdaspeak.o
                0x0000bd36                DECtoBCD
 .text.ds3231_init
                0x0000bd58       0x60 lambdaspeak.o
                0x0000bd58                ds3231_init
 .text.ds3231_set_24
                0x0000bdb8       0xdc lambdaspeak.o
                0x0000bdb8                ds3231_set_24
 .text.ds3231_get
                0x0000be94      0x1fc lambdaspeak.o
                0x0000be94                ds3231_get
 .text.read_from_cpc_bcd
                0x0000c090       0x1a lambdaspeak.o
                0x0000c090                read_from_cpc_bcd
 .text.cpc_input_8bit
                0x0000c0aa       0xf6 lambdaspeak.o
                0x0000c0aa                cpc_input_8bit
 .text.i2c_get_clock_reg
                0x0000c1a0       0x5c lambdaspeak.o
                0x0000c1a0                i2c_get_clock_reg
 .text.i2c_get_temp
                0x0000c1fc       0x12 lambdaspeak.o
                0x0000c1fc                i2c_get_temp
 .text.speak_progmem_string_from
                0x0000c20e       0x1a lambdaspeak.o
                0x0000c20e                speak_progmem_string_from
 .text.speak_copyright_note
                0x0000c228       0x54 lambdaspeak.o
                0x0000c228                speak_copyright_note
 .text.speak_hal9000_quote
                0x0000c27c       0x2e lambdaspeak.o
                0x0000c27c                speak_hal9000_quote
 .text.wait_and_echo_single_byte
                0x0000c2aa       0x82 lambdaspeak.o
                0x0000c2aa                wait_and_echo_single_byte
 .text.usart_on0
                0x0000c32c      0x1e6 lambdaspeak.o
                0x0000c32c                usart_on0
 .text.usart_init
                0x0000c512       0x2e lambdaspeak.o
                0x0000c512                usart_init
 .text.__vector_20
                0x0000c540       0x96 lambdaspeak.o
                0x0000c540                __vector_20
 .text.USART_Transmit1
                0x0000c5d6       0x18 lambdaspeak.o
                0x0000c5d6                USART_Transmit1
 .text.USART_sendBuffer
                0x0000c5ee       0x32 lambdaspeak.o
                0x0000c5ee                USART_sendBuffer
 .text.tts_speech_content
                0x0000c620      0x100 lambdaspeak.o
                0x0000c620                tts_speech_content
 .text.sing_daisy
                0x0000c720       0xd8 lambdaspeak.o
                0x0000c720                sing_daisy
 .text.tts_speech
                0x0000c7f8       0xee lambdaspeak.o
                0x0000c7f8                tts_speech
 .text.speak    0x0000c8e6        0xc lambdaspeak.o
                0x0000c8e6                speak
 .text.command_confirm
                0x0000c8f2       0x12 lambdaspeak.o
                0x0000c8f2                command_confirm
 .text.echo_byte
                0x0000c904       0x96 lambdaspeak.o
                0x0000c904                echo_byte
 .text.echo_program
                0x0000c99a       0x86 lambdaspeak.o
                0x0000c99a                echo_program
 .text.echo_test_program
                0x0000ca20       0x4e lambdaspeak.o
                0x0000ca20                echo_test_program
 .text.cpc_input
                0x0000ca6e      0x1c8 lambdaspeak.o
                0x0000ca6e                cpc_input
 .text.get_version
                0x0000cc36        0xe lambdaspeak.o
                0x0000cc36                get_version
 .text.get_delay
                0x0000cc44       0x10 lambdaspeak.o
                0x0000cc44                get_delay
 .text.get_language
                0x0000cc54       0x10 lambdaspeak.o
                0x0000cc54                get_language
 .text.get_voice
                0x0000cc64       0x10 lambdaspeak.o
                0x0000cc64                get_voice
 .text.get_rate
                0x0000cc74       0x10 lambdaspeak.o
                0x0000cc74                get_rate
 .text.get_volume
                0x0000cc84       0x10 lambdaspeak.o
                0x0000cc84                get_volume
 .text.get_full_mode
                0x0000cc94       0x40 lambdaspeak.o
                0x0000cc94                get_full_mode
 .text.get_mode
                0x0000ccd4       0x26 lambdaspeak.o
                0x0000ccd4                get_mode
 .text.use_custom_amdrum
                0x0000ccfa       0x10 lambdaspeak.o
                0x0000ccfa                use_custom_amdrum
 .text.use_hq_amdrum
                0x0000cd0a       0x10 lambdaspeak.o
                0x0000cd0a                use_hq_amdrum
 .text.use_std_amdrum
                0x0000cd1a        0xe lambdaspeak.o
                0x0000cd1a                use_std_amdrum
 .text.handshake_getters
                0x0000cd28       0x16 lambdaspeak.o
                0x0000cd28                handshake_getters
 .text.slow_getters
                0x0000cd3e       0x12 lambdaspeak.o
                0x0000cd3e                slow_getters
 .text.medium_getters
                0x0000cd50       0x16 lambdaspeak.o
                0x0000cd50                medium_getters
 .text.fast_getters
                0x0000cd66       0x16 lambdaspeak.o
                0x0000cd66                fast_getters
 .text.spanish  0x0000cd7c       0x14 lambdaspeak.o
                0x0000cd7c                spanish
 .text.english  0x0000cd90       0x12 lambdaspeak.o
                0x0000cd90                english
 .text.set_buffer_delay
                0x0000cda2       0x74 lambdaspeak.o
                0x0000cda2                set_buffer_delay
 .text.set_buffer_delay_default
                0x0000ce16        0x8 lambdaspeak.o
                0x0000ce16                set_buffer_delay_default
 .text.set_rate
                0x0000ce1e       0x5a lambdaspeak.o
                0x0000ce1e                set_rate
 .text.set_rate_default
                0x0000ce78        0x8 lambdaspeak.o
                0x0000ce78                set_rate_default
 .text.set_volume
                0x0000ce80       0x5a lambdaspeak.o
                0x0000ce80                set_volume
 .text.set_volume_default
                0x0000ceda        0x8 lambdaspeak.o
                0x0000ceda                set_volume_default
 .text.set_voice
                0x0000cee2       0x5a lambdaspeak.o
                0x0000cee2                set_voice
 .text.set_voice_default
                0x0000cf3c        0x8 lambdaspeak.o
                0x0000cf3c                set_voice_default
 .text.confirmations_on
                0x0000cf44       0x10 lambdaspeak.o
                0x0000cf44                confirmations_on
 .text.blocking
                0x0000cf54       0x10 lambdaspeak.o
                0x0000cf54                blocking
 .text.blocking_confirmations
                0x0000cf64        0xe lambdaspeak.o
                0x0000cf64                blocking_confirmations
 .text.non_blocking_confirmations
                0x0000cf72       0x10 lambdaspeak.o
                0x0000cf72                non_blocking_confirmations
 .text.non_blocking
                0x0000cf82        0xe lambdaspeak.o
                0x0000cf82                non_blocking
 .text.native_mode_dectalk
                0x0000cf90       0x14 lambdaspeak.o
                0x0000cf90                native_mode_dectalk
 .text.dktronics_mode
                0x0000cfa4       0x14 lambdaspeak.o
                0x0000cfa4                dktronics_mode
 .text.ssa1_mode
                0x0000cfb8       0x12 lambdaspeak.o
                0x0000cfb8                ssa1_mode
 .text.native_mode_epson
                0x0000cfca       0x14 lambdaspeak.o
                0x0000cfca                native_mode_epson
 .text.i2c_set_date
                0x0000cfde       0xe6 lambdaspeak.o
                0x0000cfde                i2c_set_date
 .text.i2c_set_time
                0x0000d0c4       0xb8 lambdaspeak.o
                0x0000d0c4                i2c_set_time
 .text.i2c_speak_temp
                0x0000d17c       0x72 lambdaspeak.o
                0x0000d17c                i2c_speak_temp
 .text.i2c_get_time_or_date
                0x0000d1ee      0x1d4 lambdaspeak.o
                0x0000d1ee                i2c_get_time_or_date
 .text.i2c_speak_date
                0x0000d3c2        0x8 lambdaspeak.o
                0x0000d3c2                i2c_speak_date
 .text.i2c_speak_time
                0x0000d3ca        0x8 lambdaspeak.o
                0x0000d3ca                i2c_speak_time
 .text.amdrum_mode_custom
                0x0000d3d2      0x290 lambdaspeak.o
                0x0000d3d2                amdrum_mode_custom
 .text.amdrum_mode
                0x0000d662      0x142 lambdaspeak.o
                0x0000d662                amdrum_mode
 .text.amdrum_mode_hq
                0x0000d7a4       0x68 lambdaspeak.o
                0x0000d7a4                amdrum_mode_hq
 .text.pcm_test
                0x0000d80c       0xf4 lambdaspeak.o
                0x0000d80c                pcm_test
 .text.speech_ready_message
                0x0000d900       0x5a lambdaspeak.o
                0x0000d900                speech_ready_message
 .text.usart_mode_loop
                0x0000d95a      0xb72 lambdaspeak.o
                0x0000d95a                usart_mode_loop
 .text.speak_buffer
                0x0000e4cc      0x182 lambdaspeak.o
                0x0000e4cc                speak_buffer
 .text.flush_command
                0x0000e64e       0x1a lambdaspeak.o
                0x0000e64e                flush_command
 .text.process_control
                0x0000e668      0x1f0 lambdaspeak.o
                0x0000e668                process_control
 .text.main     0x0000e858      0x412 lambdaspeak.o
                0x0000e858                main
 .text.__vector_16
                0x0000ec6a       0x9e lambdaspeak.o
                0x0000ec6a                __vector_16
 .text.libgcc   0x0000ed08       0x18 c:/winavr-20100110/bin/../lib/gcc/avr/4.3.3/avr5\libgcc.a(_udivmodqi4.o)
                0x0000ed08                __udivmodqi4
 .text.libgcc   0x0000ed20       0x26 c:/winavr-20100110/bin/../lib/gcc/avr/4.3.3/avr5\libgcc.a(_divmodhi4.o)
                0x0000ed20                __divmodhi4
                0x0000ed20                _div
 .text.libgcc   0x0000ed46       0x28 c:/winavr-20100110/bin/../lib/gcc/avr/4.3.3/avr5\libgcc.a(_udivmodhi4.o)
                0x0000ed46                __udivmodhi4
 .text.avr-libc
                0x0000ed6e       0x48 c:/winavr-20100110/bin/../lib/gcc/avr/4.3.3/../../../../avr/lib/avr5\libc.a(sprintf.o)
                0x0000ed6e                sprintf
 .text.avr-libc
                0x0000edb6      0x3ba c:/winavr-20100110/bin/../lib/gcc/avr/4.3.3/../../../../avr/lib/avr5\libc.a(vfprintf_std.o)
                0x0000edb6                vfprintf
 .text.avr-libc
                0x0000f170       0x16 c:/winavr-20100110/bin/../lib/gcc/avr/4.3.3/../../../../avr/lib/avr5\libc.a(strnlen_P.o)
                0x0000f170                strnlen_P
 .text.avr-libc
                0x0000f186       0x16 c:/winavr-20100110/bin/../lib/gcc/avr/4.3.3/../../../../avr/lib/avr5\libc.a(strnlen.o)
                0x0000f186                strnlen
 .text.avr-libc
                0x0000f19c       0x58 c:/winavr-20100110/bin/../lib/gcc/avr/4.3.3/../../../../avr/lib/avr5\libc.a(fputc.o)
                0x0000f19c                fputc
 .text.avr-libc
                0x0000f1f4       0xbc c:/winavr-20100110/bin/../lib/gcc/avr/4.3.3/../../../../avr/lib/avr5\libc.a(ultoa_invert.o)
                0x0000f1f4                __ultoa_invert
 .text.libgcc   0x0000f2b0       0x38 c:/winavr-20100110/bin/../lib/gcc/avr/4.3.3/avr5\libgcc.a(_prologue.o)
                0x0000f2b0                __prologue_saves__
 .text.libgcc   0x0000f2e8       0x36 c:/winavr-20100110/bin/../lib/gcc/avr/4.3.3/avr5\libgcc.a(_epilogue.o)
                0x0000f2e8                __epilogue_restores__
                0x0000f31e                . = ALIGN (0x2)
 *(.fini9)
 .fini9         0x0000f31e        0x0 c:/winavr-20100110/bin/../lib/gcc/avr/4.3.3/avr5\libgcc.a(_exit.o)
                0x0000f31e                exit
                0x0000f31e                _exit
 *(.fini9)
 *(.fini8)
 *(.fini8)
 *(.fini7)
 *(.fini7)
 *(.fini6)
 *(.fini6)
 *(.fini5)
 *(.fini5)
 *(.fini4)
 *(.fini4)
 *(.fini3)
 *(.fini3)
 *(.fini2)
 *(.fini2)
 *(.fini1)
 *(.fini1)
 *(.fini0)
 .fini0         0x0000f31e        0x4 c:/winavr-20100110/bin/../lib/gcc/avr/4.3.3/avr5\libgcc.a(_exit.o)
 *(.fini0)
                0x0000f322                _etext = .

.data           0x00800100      0xa80 load address 0x0000f322
                0x00800100                PROVIDE (__data_start, .)
 *(.data)
 .data          0x00800100      0xa5a lambdaspeak.o
 *(.data*)
 .data.CUR_MODE
                0x00800b5a        0x1 lambdaspeak.o
 .data.LAST_MODE
                0x00800b5b        0x1 lambdaspeak.o
 .data.BLOCKING
                0x00800b5c        0x1 lambdaspeak.o
 .data.SERIAL_WIDTH
                0x00800b5d        0x1 lambdaspeak.o
 .data.SERIAL_STOP_BITS
                0x00800b5e        0x1 lambdaspeak.o
 .data.SERIAL_BAUDRATE
                0x00800b5f        0x1 lambdaspeak.o
 .data.VOICE    0x00800b60        0x1 lambdaspeak.o
 .data.SPEAK_RATE
                0x00800b61        0x1 lambdaspeak.o
 .data.VOLUME   0x00800b62        0x1 lambdaspeak.o
 .data.FLUSH_BUFFER_DELAY
                0x00800b63        0x1 lambdaspeak.o
 .data.CONFIRM_COMMANDS
                0x00800b64        0x1 lambdaspeak.o
 .data.ssa1_and_dk_flush_buffer_after_ms
                0x00800b65        0x1 lambdaspeak.o
 .data.ssa_dktronics_loadme_again_after_ms
                0x00800b66        0x1 lambdaspeak.o
 *(.rodata)
 *(.rodata*)
 .rodata.C.74.2460
                0x00800b67        0x6 lambdaspeak.o
 .rodata.C.73.2453
                0x00800b6d        0x6 lambdaspeak.o
 .rodata.C.14.2195
                0x00800b73        0xc lambdaspeak.o
 *(.gnu.linkonce.d*)
                0x00800b80                . = ALIGN (0x2)
 *fill*         0x00800b7f        0x1 00
                0x00800b80                _edata = .
                0x00800b80                PROVIDE (__data_end, .)

.bss            0x00800b80      0x38e
                0x00800b80                PROVIDE (__bss_start, .)
 *(.bss)
 *(.bss*)
 .bss.emulated_ssa1_dktronics_ms_counter
                0x00800b80        0x1 lambdaspeak.o
 .bss.databus   0x00800b81        0x1 lambdaspeak.o
 .bss.length    0x00800b82        0x1 lambdaspeak.o
 .bss.buffer    0x00800b83      0x100 lambdaspeak.o
 .bss.STOP_NOW  0x00800c83        0x1 lambdaspeak.o
 .bss.emulated_ssa1_buffer_size
                0x00800c84        0x1 lambdaspeak.o
 .bss.NON_BLOCK_CONFIRMATIONS
                0x00800c85        0x1 lambdaspeak.o
 .bss.CUR_AMDRUM_MODE
                0x00800c86        0x1 lambdaspeak.o
 .bss.usart_input_buffer_index
                0x00800c87        0x1 lambdaspeak.o
 .bss.from_cpc_input_buffer_index
                0x00800c88        0x2 lambdaspeak.o
 .bss.cpc_read_cursor
                0x00800c8a        0x1 lambdaspeak.o
 .bss.bytes_available
                0x00800c8b        0x2 lambdaspeak.o
 .bss.WRITE_HAPPENED
                0x00800c8d        0x1 lambdaspeak.o
 .bss.send_msg  0x00800c8e      0x10c lambdaspeak.o
 .bss.byte_avail
                0x00800d9a        0x1 lambdaspeak.o
 .bss.databus1  0x00800d9b        0x1 lambdaspeak.o
 .bss.databus2  0x00800d9c        0x1 lambdaspeak.o
 .bss.FAST_CPC_GETTERS
                0x00800d9d        0x2 lambdaspeak.o
 .bss.SERIAL_RATE
                0x00800d9f        0x4 lambdaspeak.o
 .bss.SERIAL_PARITY
                0x00800da3        0x1 lambdaspeak.o
 .bss.SERIAL_BYTE_RECEIVED
                0x00800da4        0x1 lambdaspeak.o
 .bss.hal_quote
                0x00800da5        0x1 lambdaspeak.o
 .bss.LANGUAGE  0x00800da6        0x1 lambdaspeak.o
 .bss.rcvd_msg  0x00800da7       0x14 lambdaspeak.o
 .bss.command_string
                0x00800dbb       0xbc lambdaspeak.o
 .bss.rtc_seconds
                0x00800e77        0x1 lambdaspeak.o
 .bss.rtc_minutes
                0x00800e78        0x1 lambdaspeak.o
 .bss.rtc_hours
                0x00800e79        0x1 lambdaspeak.o
 .bss.rtc_month
                0x00800e7a        0x1 lambdaspeak.o
 .bss.rtc_year  0x00800e7b        0x1 lambdaspeak.o
 .bss.rtc_date  0x00800e7c        0x1 lambdaspeak.o
 .bss.rtc_weekday
                0x00800e7d        0x1 lambdaspeak.o
 .bss.rtc_msb_temp
                0x00800e7e        0x1 lambdaspeak.o
 .bss.rtc_hours_dec
                0x00800e7f        0x1 lambdaspeak.o
 .bss.rtc_mins_dec
                0x00800e80        0x1 lambdaspeak.o
 .bss.rtc_secs_dec
                0x00800e81        0x1 lambdaspeak.o
 .bss.rtc_year_dec
                0x00800e82        0x1 lambdaspeak.o
 .bss.rtc_month_dec
                0x00800e83        0x1 lambdaspeak.o
 .bss.rtc_date_dec
                0x00800e84        0x1 lambdaspeak.o
 .bss.rtc_weekday_dec
                0x00800e85        0x1 lambdaspeak.o
 .bss.TTS_DATA_IDX
                0x00800e86        0x2 lambdaspeak.o
 .bss.msg_index
                0x00800e88        0x2 lambdaspeak.o
 .bss.msg_len   0x00800e8a        0x2 lambdaspeak.o
 .bss.txt_len   0x00800e8c        0x2 lambdaspeak.o
 .bss.allo_map  0x00800e8e       0x80 lambdaspeak.o
 *(COMMON)
                0x00800f0e                PROVIDE (__bss_end, .)
                0x0000f322                __data_load_start = LOADADDR (.data)
                0x0000fda2                __data_load_end = (__data_load_start + SIZEOF (.data))

.noinit         0x00800f0e        0x0
                0x00800f0e                PROVIDE (__noinit_start, .)
 *(.noinit*)
                0x00800f0e                PROVIDE (__noinit_end, .)
                0x00800f0e                _end = .
                0x00800f0e                PROVIDE (__heap_start, .)

.eeprom         0x00810000        0x0
 *(.eeprom*)
                0x00810000                __eeprom_end = .

.fuse
 *(.fuse)
 *(.lfuse)
 *(.hfuse)
 *(.efuse)

.lock
 *(.lock*)

.signature
 *(.signature*)

.stab
 *(.stab)

.stabstr
 *(.stabstr)

.stab.excl
 *(.stab.excl)

.stab.exclstr
 *(.stab.exclstr)

.stab.index
 *(.stab.index)

.stab.indexstr
 *(.stab.indexstr)

.comment
 *(.comment)

.debug
 *(.debug)

.line
 *(.line)

.debug_srcinfo
 *(.debug_srcinfo)

.debug_sfnames
 *(.debug_sfnames)

.debug_aranges  0x00000000      0x458
 *(.debug_aranges)
 .debug_aranges
                0x00000000      0x458 lambdaspeak.o

.debug_pubnames
                0x00000000      0xa70
 *(.debug_pubnames)
 .debug_pubnames
                0x00000000      0xa70 lambdaspeak.o

.debug_info     0x00000000     0x345d
 *(.debug_info)
 .debug_info    0x00000000     0x345d lambdaspeak.o
 *(.gnu.linkonce.wi.*)

.debug_abbrev   0x00000000      0x32f
 *(.debug_abbrev)
 .debug_abbrev  0x00000000      0x32f lambdaspeak.o

.debug_line     0x00000000     0x4472
 *(.debug_line)
 .debug_line    0x00000000     0x4472 lambdaspeak.o

.debug_frame    0x00000000      0x890
 *(.debug_frame)
 .debug_frame   0x00000000      0x890 lambdaspeak.o

.debug_str      0x00000000      0xf2b
 *(.debug_str)
 .debug_str     0x00000000      0xf2b lambdaspeak.o
                               0x1002 (size before relaxing)

.debug_loc      0x00000000     0x2106
 *(.debug_loc)
 .debug_loc     0x00000000     0x2106 lambdaspeak.o

.debug_macinfo
 *(.debug_macinfo)
OUTPUT(atmega644-20pu.elf elf32-avr)
LOAD linker stubs

.debug_ranges   0x00000000      0x9c0
 .debug_ranges  0x00000000      0x9c0 lambdaspeak.o
