Archive member included because of file (symbol)

c:/winavr-20100110/bin/../lib/gcc/avr/4.3.3/avr5\libgcc.a(_udivmodqi4.o)
                              lambdaspeak.o (__udivmodqi4)
c:/winavr-20100110/bin/../lib/gcc/avr/4.3.3/avr5\libgcc.a(_divmodhi4.o)
                              lambdaspeak.o (__divmodhi4)
c:/winavr-20100110/bin/../lib/gcc/avr/4.3.3/avr5\libgcc.a(_exit.o)
                              c:/winavr-20100110/bin/../lib/gcc/avr/4.3.3/../../../../avr/lib/avr5/crtm644p.o (exit)
c:/winavr-20100110/bin/../lib/gcc/avr/4.3.3/avr5\libgcc.a(_copy_data.o)
                              lambdaspeak.o (__do_copy_data)
c:/winavr-20100110/bin/../lib/gcc/avr/4.3.3/avr5\libgcc.a(_clear_bss.o)
                              lambdaspeak.o (__do_clear_bss)
c:/winavr-20100110/bin/../lib/gcc/avr/4.3.3/avr5\libgcc.a(_udivmodhi4.o)
                              c:/winavr-20100110/bin/../lib/gcc/avr/4.3.3/avr5\libgcc.a(_divmodhi4.o) (__udivmodhi4)
c:/winavr-20100110/bin/../lib/gcc/avr/4.3.3/../../../../avr/lib/avr5\libc.a(sprintf.o)
                              lambdaspeak.o (sprintf)
c:/winavr-20100110/bin/../lib/gcc/avr/4.3.3/../../../../avr/lib/avr5\libc.a(vfprintf_std.o)
                              c:/winavr-20100110/bin/../lib/gcc/avr/4.3.3/../../../../avr/lib/avr5\libc.a(sprintf.o) (vfprintf)
c:/winavr-20100110/bin/../lib/gcc/avr/4.3.3/../../../../avr/lib/avr5\libc.a(strnlen_P.o)
                              c:/winavr-20100110/bin/../lib/gcc/avr/4.3.3/../../../../avr/lib/avr5\libc.a(vfprintf_std.o) (strnlen_P)
c:/winavr-20100110/bin/../lib/gcc/avr/4.3.3/../../../../avr/lib/avr5\libc.a(strnlen.o)
                              c:/winavr-20100110/bin/../lib/gcc/avr/4.3.3/../../../../avr/lib/avr5\libc.a(vfprintf_std.o) (strnlen)
c:/winavr-20100110/bin/../lib/gcc/avr/4.3.3/../../../../avr/lib/avr5\libc.a(fputc.o)
                              c:/winavr-20100110/bin/../lib/gcc/avr/4.3.3/../../../../avr/lib/avr5\libc.a(vfprintf_std.o) (fputc)
c:/winavr-20100110/bin/../lib/gcc/avr/4.3.3/../../../../avr/lib/avr5\libc.a(ultoa_invert.o)
                              c:/winavr-20100110/bin/../lib/gcc/avr/4.3.3/../../../../avr/lib/avr5\libc.a(vfprintf_std.o) (__ultoa_invert)
c:/winavr-20100110/bin/../lib/gcc/avr/4.3.3/avr5\libgcc.a(_prologue.o)
                              c:/winavr-20100110/bin/../lib/gcc/avr/4.3.3/../../../../avr/lib/avr5\libc.a(sprintf.o) (__prologue_saves__)
c:/winavr-20100110/bin/../lib/gcc/avr/4.3.3/avr5\libgcc.a(_epilogue.o)
                              c:/winavr-20100110/bin/../lib/gcc/avr/4.3.3/../../../../avr/lib/avr5\libc.a(sprintf.o) (__epilogue_restores__)

Discarded input sections

 .data          0x00000000        0x0 c:/winavr-20100110/bin/../lib/gcc/avr/4.3.3/../../../../avr/lib/avr5/crtm644p.o
 .bss           0x00000000        0x0 c:/winavr-20100110/bin/../lib/gcc/avr/4.3.3/../../../../avr/lib/avr5/crtm644p.o
 .text          0x00000000        0x0 lambdaspeak.o
 .bss           0x00000000        0x0 lambdaspeak.o
 .text.process_reset
                0x00000000        0x0 lambdaspeak.o
 .text.init_reset_handler
                0x00000000        0x0 lambdaspeak.o
 .text.spi_transceive_epson
                0x00000000        0x0 lambdaspeak.o
 .text.spi_transfer_epson
                0x00000000        0x0 lambdaspeak.o
 .text.spi_begin_epson_transaction
                0x00000000        0x0 lambdaspeak.o
 .text.spi_end_epson_transaction
                0x00000000        0x0 lambdaspeak.o
 .text.convert_speak_rate
                0x00000000        0x0 lambdaspeak.o
 .text.convert_volume
                0x00000000        0x0 lambdaspeak.o
 .text.tts_speech_start
                0x00000000        0x0 lambdaspeak.o
 .text.tts_speech_char
                0x00000000        0x0 lambdaspeak.o
 .text.cont0    0x00000000        0x0 lambdaspeak.o
 .text.twi_init
                0x00000000        0x0 lambdaspeak.o
 .text.twi_start
                0x00000000        0x0 lambdaspeak.o
 .text.twi_stop
                0x00000000        0x0 lambdaspeak.o
 .text.twi_send
                0x00000000        0x0 lambdaspeak.o
 .text.twi_receive
                0x00000000        0x0 lambdaspeak.o
 .text.BCDtoDEC
                0x00000000        0x0 lambdaspeak.o
 .text.confirmations_off
                0x00000000        0x0 lambdaspeak.o
 .text.usart_off
                0x00000000        0x0 lambdaspeak.o
 .text.USART_Transmit1
                0x00000000        0x0 lambdaspeak.o
 .text.USART_Transmit
                0x00000000        0x0 lambdaspeak.o
 .text.USART_ISR_Transmit
                0x00000000        0x0 lambdaspeak.o
 .text.speak_dectalk
                0x00000000        0x0 lambdaspeak.o
 .text.announce_cur_mode
                0x00000000        0x0 lambdaspeak.o
 .rodata.num_quotes
                0x00000000        0x0 lambdaspeak.o
 .rodata.pcm_length
                0x00000000        0x0 lambdaspeak.o
 .text          0x00000000        0x0 c:/winavr-20100110/bin/../lib/gcc/avr/4.3.3/avr5\libgcc.a(_udivmodqi4.o)
 .data          0x00000000        0x0 c:/winavr-20100110/bin/../lib/gcc/avr/4.3.3/avr5\libgcc.a(_udivmodqi4.o)
 .bss           0x00000000        0x0 c:/winavr-20100110/bin/../lib/gcc/avr/4.3.3/avr5\libgcc.a(_udivmodqi4.o)
 .text          0x00000000        0x0 c:/winavr-20100110/bin/../lib/gcc/avr/4.3.3/avr5\libgcc.a(_divmodhi4.o)
 .data          0x00000000        0x0 c:/winavr-20100110/bin/../lib/gcc/avr/4.3.3/avr5\libgcc.a(_divmodhi4.o)
 .bss           0x00000000        0x0 c:/winavr-20100110/bin/../lib/gcc/avr/4.3.3/avr5\libgcc.a(_divmodhi4.o)
 .text          0x00000000        0x0 c:/winavr-20100110/bin/../lib/gcc/avr/4.3.3/avr5\libgcc.a(_exit.o)
 .data          0x00000000        0x0 c:/winavr-20100110/bin/../lib/gcc/avr/4.3.3/avr5\libgcc.a(_exit.o)
 .bss           0x00000000        0x0 c:/winavr-20100110/bin/../lib/gcc/avr/4.3.3/avr5\libgcc.a(_exit.o)
 .text.libgcc   0x00000000        0x0 c:/winavr-20100110/bin/../lib/gcc/avr/4.3.3/avr5\libgcc.a(_exit.o)
 .text          0x00000000        0x0 c:/winavr-20100110/bin/../lib/gcc/avr/4.3.3/avr5\libgcc.a(_copy_data.o)
 .data          0x00000000        0x0 c:/winavr-20100110/bin/../lib/gcc/avr/4.3.3/avr5\libgcc.a(_copy_data.o)
 .bss           0x00000000        0x0 c:/winavr-20100110/bin/../lib/gcc/avr/4.3.3/avr5\libgcc.a(_copy_data.o)
 .text.libgcc   0x00000000        0x0 c:/winavr-20100110/bin/../lib/gcc/avr/4.3.3/avr5\libgcc.a(_copy_data.o)
 .text          0x00000000        0x0 c:/winavr-20100110/bin/../lib/gcc/avr/4.3.3/avr5\libgcc.a(_clear_bss.o)
 .data          0x00000000        0x0 c:/winavr-20100110/bin/../lib/gcc/avr/4.3.3/avr5\libgcc.a(_clear_bss.o)
 .bss           0x00000000        0x0 c:/winavr-20100110/bin/../lib/gcc/avr/4.3.3/avr5\libgcc.a(_clear_bss.o)
 .text.libgcc   0x00000000        0x0 c:/winavr-20100110/bin/../lib/gcc/avr/4.3.3/avr5\libgcc.a(_clear_bss.o)
 .text          0x00000000        0x0 c:/winavr-20100110/bin/../lib/gcc/avr/4.3.3/avr5\libgcc.a(_udivmodhi4.o)
 .data          0x00000000        0x0 c:/winavr-20100110/bin/../lib/gcc/avr/4.3.3/avr5\libgcc.a(_udivmodhi4.o)
 .bss           0x00000000        0x0 c:/winavr-20100110/bin/../lib/gcc/avr/4.3.3/avr5\libgcc.a(_udivmodhi4.o)
 .text          0x00000000        0x0 c:/winavr-20100110/bin/../lib/gcc/avr/4.3.3/../../../../avr/lib/avr5\libc.a(sprintf.o)
 .data          0x00000000        0x0 c:/winavr-20100110/bin/../lib/gcc/avr/4.3.3/../../../../avr/lib/avr5\libc.a(sprintf.o)
 .bss           0x00000000        0x0 c:/winavr-20100110/bin/../lib/gcc/avr/4.3.3/../../../../avr/lib/avr5\libc.a(sprintf.o)
 .text          0x00000000        0x0 c:/winavr-20100110/bin/../lib/gcc/avr/4.3.3/../../../../avr/lib/avr5\libc.a(vfprintf_std.o)
 .data          0x00000000        0x0 c:/winavr-20100110/bin/../lib/gcc/avr/4.3.3/../../../../avr/lib/avr5\libc.a(vfprintf_std.o)
 .bss           0x00000000        0x0 c:/winavr-20100110/bin/../lib/gcc/avr/4.3.3/../../../../avr/lib/avr5\libc.a(vfprintf_std.o)
 .text          0x00000000        0x0 c:/winavr-20100110/bin/../lib/gcc/avr/4.3.3/../../../../avr/lib/avr5\libc.a(strnlen_P.o)
 .data          0x00000000        0x0 c:/winavr-20100110/bin/../lib/gcc/avr/4.3.3/../../../../avr/lib/avr5\libc.a(strnlen_P.o)
 .bss           0x00000000        0x0 c:/winavr-20100110/bin/../lib/gcc/avr/4.3.3/../../../../avr/lib/avr5\libc.a(strnlen_P.o)
 .text          0x00000000        0x0 c:/winavr-20100110/bin/../lib/gcc/avr/4.3.3/../../../../avr/lib/avr5\libc.a(strnlen.o)
 .data          0x00000000        0x0 c:/winavr-20100110/bin/../lib/gcc/avr/4.3.3/../../../../avr/lib/avr5\libc.a(strnlen.o)
 .bss           0x00000000        0x0 c:/winavr-20100110/bin/../lib/gcc/avr/4.3.3/../../../../avr/lib/avr5\libc.a(strnlen.o)
 .text          0x00000000        0x0 c:/winavr-20100110/bin/../lib/gcc/avr/4.3.3/../../../../avr/lib/avr5\libc.a(fputc.o)
 .data          0x00000000        0x0 c:/winavr-20100110/bin/../lib/gcc/avr/4.3.3/../../../../avr/lib/avr5\libc.a(fputc.o)
 .bss           0x00000000        0x0 c:/winavr-20100110/bin/../lib/gcc/avr/4.3.3/../../../../avr/lib/avr5\libc.a(fputc.o)
 .text          0x00000000        0x0 c:/winavr-20100110/bin/../lib/gcc/avr/4.3.3/../../../../avr/lib/avr5\libc.a(ultoa_invert.o)
 .data          0x00000000        0x0 c:/winavr-20100110/bin/../lib/gcc/avr/4.3.3/../../../../avr/lib/avr5\libc.a(ultoa_invert.o)
 .bss           0x00000000        0x0 c:/winavr-20100110/bin/../lib/gcc/avr/4.3.3/../../../../avr/lib/avr5\libc.a(ultoa_invert.o)
 .text          0x00000000        0x0 c:/winavr-20100110/bin/../lib/gcc/avr/4.3.3/avr5\libgcc.a(_prologue.o)
 .data          0x00000000        0x0 c:/winavr-20100110/bin/../lib/gcc/avr/4.3.3/avr5\libgcc.a(_prologue.o)
 .bss           0x00000000        0x0 c:/winavr-20100110/bin/../lib/gcc/avr/4.3.3/avr5\libgcc.a(_prologue.o)
 .text          0x00000000        0x0 c:/winavr-20100110/bin/../lib/gcc/avr/4.3.3/avr5\libgcc.a(_epilogue.o)
 .data          0x00000000        0x0 c:/winavr-20100110/bin/../lib/gcc/avr/4.3.3/avr5\libgcc.a(_epilogue.o)
 .bss           0x00000000        0x0 c:/winavr-20100110/bin/../lib/gcc/avr/4.3.3/avr5\libgcc.a(_epilogue.o)

Memory Configuration

Name             Origin             Length             Attributes
text             0x00000000         0x00020000         xr
data             0x00800060         0x0000ffa0         rw !x
eeprom           0x00810000         0x00010000         rw !x
fuse             0x00820000         0x00000400         rw !x
lock             0x00830000         0x00000400         rw !x
signature        0x00840000         0x00000400         rw !x
*default*        0x00000000         0xffffffff

Linker script and memory map

Address of section .data set to 0x800100
LOAD c:/winavr-20100110/bin/../lib/gcc/avr/4.3.3/../../../../avr/lib/avr5/crtm644p.o
LOAD lambdaspeak.o
LOAD c:/winavr-20100110/bin/../lib/gcc/avr/4.3.3/avr5\libgcc.a
LOAD c:/winavr-20100110/bin/../lib/gcc/avr/4.3.3/../../../../avr/lib/avr5\libc.a
LOAD c:/winavr-20100110/bin/../lib/gcc/avr/4.3.3/avr5\libgcc.a

.hash
 *(.hash)

.dynsym
 *(.dynsym)

.dynstr
 *(.dynstr)

.gnu.version
 *(.gnu.version)

.gnu.version_d
 *(.gnu.version_d)

.gnu.version_r
 *(.gnu.version_r)

.rel.init
 *(.rel.init)

.rela.init
 *(.rela.init)

.rel.text
 *(.rel.text)
 *(.rel.text.*)
 *(.rel.gnu.linkonce.t*)

.rela.text
 *(.rela.text)
 *(.rela.text.*)
 *(.rela.gnu.linkonce.t*)

.rel.fini
 *(.rel.fini)

.rela.fini
 *(.rela.fini)

.rel.rodata
 *(.rel.rodata)
 *(.rel.rodata.*)
 *(.rel.gnu.linkonce.r*)

.rela.rodata
 *(.rela.rodata)
 *(.rela.rodata.*)
 *(.rela.gnu.linkonce.r*)

.rel.data
 *(.rel.data)
 *(.rel.data.*)
 *(.rel.gnu.linkonce.d*)

.rela.data
 *(.rela.data)
 *(.rela.data.*)
 *(.rela.gnu.linkonce.d*)

.rel.ctors
 *(.rel.ctors)

.rela.ctors
 *(.rela.ctors)

.rel.dtors
 *(.rel.dtors)

.rela.dtors
 *(.rela.dtors)

.rel.got
 *(.rel.got)

.rela.got
 *(.rela.got)

.rel.bss
 *(.rel.bss)

.rela.bss
 *(.rela.bss)

.rel.plt
 *(.rel.plt)

.rela.plt
 *(.rela.plt)

.text           0x00000000     0xefe8
 *(.vectors)
 .vectors       0x00000000       0x7c c:/winavr-20100110/bin/../lib/gcc/avr/4.3.3/../../../../avr/lib/avr5/crtm644p.o
                0x00000000                __vectors
                0x00000000                __vector_default
 *(.vectors)
 *(.progmem.gcc*)
 .progmem.gcc_sw_table
                0x0000007c      0x100 lambdaspeak.o
 *(.progmem*)
 .progmem.data  0x0000017c     0xaff2 lambdaspeak.o
                0x00007b64                COPYRIGHT
                0x00007d61                line5
                0x00007ce5                line4
                0x00007c2e                line0
                0x0000017c                TTS_INIT_DATA
                0x00007c5b                line1
                0x00007cb9                line3
                0x00007c7a                line2
                0x00007de4                pcm_samples
                0x00007dd8                HAL
                0x0000b16e                . = ALIGN (0x2)
                0x0000b16e                __trampolines_start = .
 *(.trampolines)
 .trampolines   0x0000b16e        0x0 linker stubs
 *(.trampolines*)
                0x0000b16e                __trampolines_end = .
 *(.jumptables)
 *(.jumptables*)
 *(.lowtext)
 *(.lowtext*)
                0x0000b16e                __ctors_start = .
 *(.ctors)
                0x0000b16e                __ctors_end = .
                0x0000b16e                __dtors_start = .
 *(.dtors)
                0x0000b16e                __dtors_end = .
 SORT(*)(.ctors)
 SORT(*)(.dtors)
 *(.init0)
 .init0         0x0000b16e        0x0 c:/winavr-20100110/bin/../lib/gcc/avr/4.3.3/../../../../avr/lib/avr5/crtm644p.o
                0x0000b16e                __init
 *(.init0)
 *(.init1)
 *(.init1)
 *(.init2)
 .init2         0x0000b16e        0xc c:/winavr-20100110/bin/../lib/gcc/avr/4.3.3/../../../../avr/lib/avr5/crtm644p.o
 *(.init2)
 *(.init3)
 *(.init3)
 *(.init4)
 .init4         0x0000b17a       0x16 c:/winavr-20100110/bin/../lib/gcc/avr/4.3.3/avr5\libgcc.a(_copy_data.o)
                0x0000b17a                __do_copy_data
 .init4         0x0000b190       0x10 c:/winavr-20100110/bin/../lib/gcc/avr/4.3.3/avr5\libgcc.a(_clear_bss.o)
                0x0000b190                __do_clear_bss
 *(.init4)
 *(.init5)
 *(.init5)
 *(.init6)
 *(.init6)
 *(.init7)
 *(.init7)
 *(.init8)
 *(.init8)
 *(.init9)
 .init9         0x0000b1a0        0x8 c:/winavr-20100110/bin/../lib/gcc/avr/4.3.3/../../../../avr/lib/avr5/crtm644p.o
 *(.init9)
 *(.text)
 .text          0x0000b1a8        0x4 c:/winavr-20100110/bin/../lib/gcc/avr/4.3.3/../../../../avr/lib/avr5/crtm644p.o
                0x0000b1a8                __vector_22
                0x0000b1a8                __vector_28
                0x0000b1a8                __vector_1
                0x0000b1a8                __vector_24
                0x0000b1a8                __vector_12
                0x0000b1a8                __bad_interrupt
                0x0000b1a8                __vector_3
                0x0000b1a8                __vector_23
                0x0000b1a8                __vector_30
                0x0000b1a8                __vector_25
                0x0000b1a8                __vector_13
                0x0000b1a8                __vector_17
                0x0000b1a8                __vector_19
                0x0000b1a8                __vector_7
                0x0000b1a8                __vector_27
                0x0000b1a8                __vector_5
                0x0000b1a8                __vector_4
                0x0000b1a8                __vector_2
                0x0000b1a8                __vector_29
                0x0000b1a8                __vector_8
                0x0000b1a8                __vector_26
                0x0000b1a8                __vector_14
                0x0000b1a8                __vector_10
                0x0000b1ac                . = ALIGN (0x2)
 *(.text.*)
 .text.__vector_15
                0x0000b1ac       0x14 lambdaspeak.o
                0x0000b1ac                __vector_15
 .text.__vector_11
                0x0000b1c0       0x14 lambdaspeak.o
                0x0000b1c0                __vector_11
 .text.__vector_9
                0x0000b1d4       0x14 lambdaspeak.o
                0x0000b1d4                __vector_9
 .text.__vector_18
                0x0000b1e8       0x14 lambdaspeak.o
                0x0000b1e8                __vector_18
 .text.__vector_6
                0x0000b1fc       0x3e lambdaspeak.o
                0x0000b1fc                __vector_6
 .text.wdt_init
                0x0000b23a       0x1a lambdaspeak.o
                0x0000b23a                wdt_init
 .text.spi_begin_epson
                0x0000b254       0x2c lambdaspeak.o
                0x0000b254                spi_begin_epson
 .text.blink_led_fast
                0x0000b280       0x3c lambdaspeak.o
                0x0000b280                blink_led_fast
 .text.blink_led_slow
                0x0000b2bc       0x50 lambdaspeak.o
                0x0000b2bc                blink_led_slow
 .text.blink_leds
                0x0000b30c        0xa lambdaspeak.o
                0x0000b30c                blink_leds
 .text.check_for_error
                0x0000b316       0x28 lambdaspeak.o
                0x0000b316                check_for_error
 .text.tts_reset
                0x0000b33e       0x32 lambdaspeak.o
                0x0000b33e                tts_reset
 .text.tts_send_message
                0x0000b370       0x48 lambdaspeak.o
                0x0000b370                tts_send_message
 .text.tts_send_padding
                0x0000b3b8       0x24 lambdaspeak.o
                0x0000b3b8                tts_send_padding
 .text.tts_get_version
                0x0000b3dc       0x88 lambdaspeak.o
                0x0000b3dc                tts_get_version
 .text.tts_parse_response
                0x0000b464       0xce lambdaspeak.o
                0x0000b464                tts_parse_response
 .text.tts_configure_audio
                0x0000b532       0x7c lambdaspeak.o
                0x0000b532                tts_configure_audio
 .text.tts_registration
                0x0000b5ae       0x52 lambdaspeak.o
                0x0000b5ae                tts_registration
 .text.tts_load_chunk
                0x0000b600       0xba lambdaspeak.o
                0x0000b600                tts_load_chunk
 .text.tts_download
                0x0000b6ba       0x3c lambdaspeak.o
                0x0000b6ba                tts_download
 .text.tts_boot_run
                0x0000b6f6       0x42 lambdaspeak.o
                0x0000b6f6                tts_boot_run
 .text.tts_speech_progmem
                0x0000b738       0x98 lambdaspeak.o
                0x0000b738                tts_speech_progmem
 .text.tts_configure
                0x0000b7d0       0xa0 lambdaspeak.o
                0x0000b7d0                tts_configure
 .text.tts_configure_dectalk
                0x0000b870        0x8 lambdaspeak.o
                0x0000b870                tts_configure_dectalk
 .text.tts_configure_epson
                0x0000b878        0x8 lambdaspeak.o
                0x0000b878                tts_configure_epson
 .text.tts_configure_current
                0x0000b880        0xa lambdaspeak.o
                0x0000b880                tts_configure_current
 .text.tts_set_volume
                0x0000b88a       0x4c lambdaspeak.o
                0x0000b88a                tts_set_volume
 .text.tts_stop
                0x0000b8d6       0x4c lambdaspeak.o
                0x0000b8d6                tts_stop
 .text.tts_setup
                0x0000b922       0x68 lambdaspeak.o
                0x0000b922                tts_setup
 .text.speak_progmem
                0x0000b98a        0xc lambdaspeak.o
                0x0000b98a                speak_progmem
 .text.init_allophones
                0x0000b996      0x2c6 lambdaspeak.o
                0x0000b996                init_allophones
 .text.init_pins
                0x0000bc5c       0x1e lambdaspeak.o
                0x0000bc5c                init_pins
 .text.stop     0x0000bc7a       0x12 lambdaspeak.o
                0x0000bc7a                stop
 .text.cont     0x0000bc8c       0x44 lambdaspeak.o
                0x0000bc8c                cont
 .text.proceed  0x0000bcd0       0x20 lambdaspeak.o
                0x0000bcd0                proceed
 .text.setup_pcm
                0x0000bcf0       0x40 lambdaspeak.o
                0x0000bcf0                setup_pcm
 .text.DECtoBCD
                0x0000bd30       0x22 lambdaspeak.o
                0x0000bd30                DECtoBCD
 .text.ds3231_init
                0x0000bd52       0x60 lambdaspeak.o
                0x0000bd52                ds3231_init
 .text.ds3231_set_24
                0x0000bdb2       0xdc lambdaspeak.o
                0x0000bdb2                ds3231_set_24
 .text.ds3231_get
                0x0000be8e      0x1fc lambdaspeak.o
                0x0000be8e                ds3231_get
 .text.read_from_cpc_bcd
                0x0000c08a       0x1a lambdaspeak.o
                0x0000c08a                read_from_cpc_bcd
 .text.cpc_input_8bit
                0x0000c0a4       0xba lambdaspeak.o
                0x0000c0a4                cpc_input_8bit
 .text.i2c_get_clock_reg
                0x0000c15e       0x5c lambdaspeak.o
                0x0000c15e                i2c_get_clock_reg
 .text.i2c_get_temp
                0x0000c1ba       0x12 lambdaspeak.o
                0x0000c1ba                i2c_get_temp
 .text.speak_progmem_string_from
                0x0000c1cc       0x1a lambdaspeak.o
                0x0000c1cc                speak_progmem_string_from
 .text.speak_copyright_note
                0x0000c1e6       0x54 lambdaspeak.o
                0x0000c1e6                speak_copyright_note
 .text.speak_hal9000_quote
                0x0000c23a       0x2e lambdaspeak.o
                0x0000c23a                speak_hal9000_quote
 .text.usart_on0
                0x0000c268      0x1e6 lambdaspeak.o
                0x0000c268                usart_on0
 .text.usart_init
                0x0000c44e       0x2e lambdaspeak.o
                0x0000c44e                usart_init
 .text.__vector_20
                0x0000c47c       0x9a lambdaspeak.o
                0x0000c47c                __vector_20
 .text.USART_sendBuffer
                0x0000c516       0x50 lambdaspeak.o
                0x0000c516                USART_sendBuffer
 .text.__vector_21
                0x0000c566       0x32 lambdaspeak.o
                0x0000c566                __vector_21
 .text.tts_speech_content
                0x0000c598      0x100 lambdaspeak.o
                0x0000c598                tts_speech_content
 .text.sing_daisy
                0x0000c698       0xd8 lambdaspeak.o
                0x0000c698                sing_daisy
 .text.tts_speech
                0x0000c770       0xee lambdaspeak.o
                0x0000c770                tts_speech
 .text.speak    0x0000c85e        0xc lambdaspeak.o
                0x0000c85e                speak
 .text.command_confirm
                0x0000c86a       0x12 lambdaspeak.o
                0x0000c86a                command_confirm
 .text.echo_byte
                0x0000c87c       0xa2 lambdaspeak.o
                0x0000c87c                echo_byte
 .text.echo_program
                0x0000c91e       0x86 lambdaspeak.o
                0x0000c91e                echo_program
 .text.echo_test_program
                0x0000c9a4       0x4e lambdaspeak.o
                0x0000c9a4                echo_test_program
 .text.cpc_input
                0x0000c9f2      0x16e lambdaspeak.o
                0x0000c9f2                cpc_input
 .text.get_version
                0x0000cb60        0xe lambdaspeak.o
                0x0000cb60                get_version
 .text.get_delay
                0x0000cb6e       0x10 lambdaspeak.o
                0x0000cb6e                get_delay
 .text.get_language
                0x0000cb7e       0x10 lambdaspeak.o
                0x0000cb7e                get_language
 .text.get_voice
                0x0000cb8e       0x10 lambdaspeak.o
                0x0000cb8e                get_voice
 .text.get_rate
                0x0000cb9e       0x10 lambdaspeak.o
                0x0000cb9e                get_rate
 .text.get_volume
                0x0000cbae       0x10 lambdaspeak.o
                0x0000cbae                get_volume
 .text.get_full_mode
                0x0000cbbe       0x40 lambdaspeak.o
                0x0000cbbe                get_full_mode
 .text.get_mode
                0x0000cbfe       0x26 lambdaspeak.o
                0x0000cbfe                get_mode
 .text.slow_getters
                0x0000cc24       0x12 lambdaspeak.o
                0x0000cc24                slow_getters
 .text.medium_getters
                0x0000cc36       0x16 lambdaspeak.o
                0x0000cc36                medium_getters
 .text.fast_getters
                0x0000cc4c       0x16 lambdaspeak.o
                0x0000cc4c                fast_getters
 .text.spanish  0x0000cc62       0x14 lambdaspeak.o
                0x0000cc62                spanish
 .text.english  0x0000cc76       0x12 lambdaspeak.o
                0x0000cc76                english
 .text.set_buffer_delay
                0x0000cc88       0x74 lambdaspeak.o
                0x0000cc88                set_buffer_delay
 .text.set_buffer_delay_default
                0x0000ccfc        0x8 lambdaspeak.o
                0x0000ccfc                set_buffer_delay_default
 .text.set_rate
                0x0000cd04       0x5a lambdaspeak.o
                0x0000cd04                set_rate
 .text.set_rate_default
                0x0000cd5e        0x8 lambdaspeak.o
                0x0000cd5e                set_rate_default
 .text.set_volume
                0x0000cd66       0x5a lambdaspeak.o
                0x0000cd66                set_volume
 .text.set_volume_default
                0x0000cdc0        0x8 lambdaspeak.o
                0x0000cdc0                set_volume_default
 .text.set_voice
                0x0000cdc8       0x5a lambdaspeak.o
                0x0000cdc8                set_voice
 .text.set_voice_default
                0x0000ce22        0x8 lambdaspeak.o
                0x0000ce22                set_voice_default
 .text.confirmations_on
                0x0000ce2a       0x10 lambdaspeak.o
                0x0000ce2a                confirmations_on
 .text.blocking
                0x0000ce3a       0x10 lambdaspeak.o
                0x0000ce3a                blocking
 .text.blocking_confirmations
                0x0000ce4a        0xe lambdaspeak.o
                0x0000ce4a                blocking_confirmations
 .text.non_blocking_confirmations
                0x0000ce58       0x10 lambdaspeak.o
                0x0000ce58                non_blocking_confirmations
 .text.non_blocking
                0x0000ce68        0xe lambdaspeak.o
                0x0000ce68                non_blocking
 .text.native_mode_dectalk
                0x0000ce76       0x14 lambdaspeak.o
                0x0000ce76                native_mode_dectalk
 .text.dktronics_mode
                0x0000ce8a       0x14 lambdaspeak.o
                0x0000ce8a                dktronics_mode
 .text.ssa1_mode
                0x0000ce9e       0x12 lambdaspeak.o
                0x0000ce9e                ssa1_mode
 .text.native_mode_epson
                0x0000ceb0       0x14 lambdaspeak.o
                0x0000ceb0                native_mode_epson
 .text.i2c_set_date
                0x0000cec4       0xe6 lambdaspeak.o
                0x0000cec4                i2c_set_date
 .text.i2c_set_time
                0x0000cfaa       0xb8 lambdaspeak.o
                0x0000cfaa                i2c_set_time
 .text.i2c_speak_temp
                0x0000d062       0x72 lambdaspeak.o
                0x0000d062                i2c_speak_temp
 .text.i2c_get_time_or_date
                0x0000d0d4      0x1d4 lambdaspeak.o
                0x0000d0d4                i2c_get_time_or_date
 .text.i2c_speak_date
                0x0000d2a8        0x8 lambdaspeak.o
                0x0000d2a8                i2c_speak_date
 .text.i2c_speak_time
                0x0000d2b0        0x8 lambdaspeak.o
                0x0000d2b0                i2c_speak_time
 .text.amdrum_mode
                0x0000d2b8       0x40 lambdaspeak.o
                0x0000d2b8                amdrum_mode
 .text.pcm_test
                0x0000d2f8       0x62 lambdaspeak.o
                0x0000d2f8                pcm_test
 .text.speech_ready_message
                0x0000d35a       0x5a lambdaspeak.o
                0x0000d35a                speech_ready_message
 .text.usart_mode_loop
                0x0000d3b4      0xde6 lambdaspeak.o
                0x0000d3b4                usart_mode_loop
 .text.speak_buffer
                0x0000e19a      0x182 lambdaspeak.o
                0x0000e19a                speak_buffer
 .text.flush_command
                0x0000e31c       0x1a lambdaspeak.o
                0x0000e31c                flush_command
 .text.process_control
                0x0000e336      0x1bc lambdaspeak.o
                0x0000e336                process_control
 .text.main     0x0000e4f2      0x43e lambdaspeak.o
                0x0000e4f2                main
 .text.__vector_16
                0x0000e930       0x9e lambdaspeak.o
                0x0000e930                __vector_16
 .text.libgcc   0x0000e9ce       0x18 c:/winavr-20100110/bin/../lib/gcc/avr/4.3.3/avr5\libgcc.a(_udivmodqi4.o)
                0x0000e9ce                __udivmodqi4
 .text.libgcc   0x0000e9e6       0x26 c:/winavr-20100110/bin/../lib/gcc/avr/4.3.3/avr5\libgcc.a(_divmodhi4.o)
                0x0000e9e6                __divmodhi4
                0x0000e9e6                _div
 .text.libgcc   0x0000ea0c       0x28 c:/winavr-20100110/bin/../lib/gcc/avr/4.3.3/avr5\libgcc.a(_udivmodhi4.o)
                0x0000ea0c                __udivmodhi4
 .text.avr-libc
                0x0000ea34       0x48 c:/winavr-20100110/bin/../lib/gcc/avr/4.3.3/../../../../avr/lib/avr5\libc.a(sprintf.o)
                0x0000ea34                sprintf
 .text.avr-libc
                0x0000ea7c      0x3ba c:/winavr-20100110/bin/../lib/gcc/avr/4.3.3/../../../../avr/lib/avr5\libc.a(vfprintf_std.o)
                0x0000ea7c                vfprintf
 .text.avr-libc
                0x0000ee36       0x16 c:/winavr-20100110/bin/../lib/gcc/avr/4.3.3/../../../../avr/lib/avr5\libc.a(strnlen_P.o)
                0x0000ee36                strnlen_P
 .text.avr-libc
                0x0000ee4c       0x16 c:/winavr-20100110/bin/../lib/gcc/avr/4.3.3/../../../../avr/lib/avr5\libc.a(strnlen.o)
                0x0000ee4c                strnlen
 .text.avr-libc
                0x0000ee62       0x58 c:/winavr-20100110/bin/../lib/gcc/avr/4.3.3/../../../../avr/lib/avr5\libc.a(fputc.o)
                0x0000ee62                fputc
 .text.avr-libc
                0x0000eeba       0xbc c:/winavr-20100110/bin/../lib/gcc/avr/4.3.3/../../../../avr/lib/avr5\libc.a(ultoa_invert.o)
                0x0000eeba                __ultoa_invert
 .text.libgcc   0x0000ef76       0x38 c:/winavr-20100110/bin/../lib/gcc/avr/4.3.3/avr5\libgcc.a(_prologue.o)
                0x0000ef76                __prologue_saves__
 .text.libgcc   0x0000efae       0x36 c:/winavr-20100110/bin/../lib/gcc/avr/4.3.3/avr5\libgcc.a(_epilogue.o)
                0x0000efae                __epilogue_restores__
                0x0000efe4                . = ALIGN (0x2)
 *(.fini9)
 .fini9         0x0000efe4        0x0 c:/winavr-20100110/bin/../lib/gcc/avr/4.3.3/avr5\libgcc.a(_exit.o)
                0x0000efe4                exit
                0x0000efe4                _exit
 *(.fini9)
 *(.fini8)
 *(.fini8)
 *(.fini7)
 *(.fini7)
 *(.fini6)
 *(.fini6)
 *(.fini5)
 *(.fini5)
 *(.fini4)
 *(.fini4)
 *(.fini3)
 *(.fini3)
 *(.fini2)
 *(.fini2)
 *(.fini1)
 *(.fini1)
 *(.fini0)
 .fini0         0x0000efe4        0x4 c:/winavr-20100110/bin/../lib/gcc/avr/4.3.3/avr5\libgcc.a(_exit.o)
 *(.fini0)
                0x0000efe8                _etext = .

.data           0x00800100      0x996 load address 0x0000efe8
                0x00800100                PROVIDE (__data_start, .)
 *(.data)
 .data          0x00800100      0x970 lambdaspeak.o
 *(.data*)
 .data.CUR_MODE
                0x00800a70        0x1 lambdaspeak.o
 .data.LAST_MODE
                0x00800a71        0x1 lambdaspeak.o
 .data.BLOCKING
                0x00800a72        0x1 lambdaspeak.o
 .data.SERIAL_WIDTH
                0x00800a73        0x1 lambdaspeak.o
 .data.SERIAL_STOP_BITS
                0x00800a74        0x1 lambdaspeak.o
 .data.SERIAL_BAUDRATE
                0x00800a75        0x1 lambdaspeak.o
 .data.VOICE    0x00800a76        0x1 lambdaspeak.o
 .data.SPEAK_RATE
                0x00800a77        0x1 lambdaspeak.o
 .data.VOLUME   0x00800a78        0x1 lambdaspeak.o
 .data.FLUSH_BUFFER_DELAY
                0x00800a79        0x1 lambdaspeak.o
 .data.CONFIRM_COMMANDS
                0x00800a7a        0x1 lambdaspeak.o
 .data.ssa1_and_dk_flush_buffer_after_ms
                0x00800a7b        0x1 lambdaspeak.o
 .data.ssa_dktronics_loadme_again_after_ms
                0x00800a7c        0x1 lambdaspeak.o
 *(.rodata)
 *(.rodata*)
 .rodata.C.72.2436
                0x00800a7d        0x6 lambdaspeak.o
 .rodata.C.71.2429
                0x00800a83        0x6 lambdaspeak.o
 .rodata.C.12.2171
                0x00800a89        0xc lambdaspeak.o
 *(.gnu.linkonce.d*)
                0x00800a96                . = ALIGN (0x2)
 *fill*         0x00800a95        0x1 00
                0x00800a96                _edata = .
                0x00800a96                PROVIDE (__data_end, .)

.bss            0x00800a96      0x38b
                0x00800a96                PROVIDE (__bss_start, .)
 *(.bss)
 *(.bss*)
 .bss.emulated_ssa1_dktronics_ms_counter
                0x00800a96        0x1 lambdaspeak.o
 .bss.databus   0x00800a97        0x1 lambdaspeak.o
 .bss.length    0x00800a98        0x1 lambdaspeak.o
 .bss.buffer    0x00800a99      0x100 lambdaspeak.o
 .bss.STOP_NOW  0x00800b99        0x1 lambdaspeak.o
 .bss.emulated_ssa1_buffer_size
                0x00800b9a        0x1 lambdaspeak.o
 .bss.NON_BLOCK_CONFIRMATIONS
                0x00800b9b        0x1 lambdaspeak.o
 .bss.usart_ring_buffer
                0x00800b9c        0x1 lambdaspeak.o
 .bss.usart_input_buffer_index
                0x00800b9d        0x2 lambdaspeak.o
 .bss.from_cpc_input_buffer_index
                0x00800b9f        0x2 lambdaspeak.o
 .bss.cpc_read_cursor
                0x00800ba1        0x2 lambdaspeak.o
 .bss.send_msg  0x00800ba3      0x10c lambdaspeak.o
 .bss.databus1  0x00800caf        0x1 lambdaspeak.o
 .bss.FAST_CPC_GETTERS
                0x00800cb0        0x2 lambdaspeak.o
 .bss.SERIAL_RATE
                0x00800cb2        0x4 lambdaspeak.o
 .bss.SERIAL_PARITY
                0x00800cb6        0x1 lambdaspeak.o
 .bss.databus2  0x00800cb7        0x1 lambdaspeak.o
 .bss.hal_quote
                0x00800cb8        0x1 lambdaspeak.o
 .bss.LANGUAGE  0x00800cb9        0x1 lambdaspeak.o
 .bss.rcvd_msg  0x00800cba       0x14 lambdaspeak.o
 .bss.command_string
                0x00800cce       0xbc lambdaspeak.o
 .bss.rtc_seconds
                0x00800d8a        0x1 lambdaspeak.o
 .bss.rtc_minutes
                0x00800d8b        0x1 lambdaspeak.o
 .bss.rtc_hours
                0x00800d8c        0x1 lambdaspeak.o
 .bss.rtc_month
                0x00800d8d        0x1 lambdaspeak.o
 .bss.rtc_year  0x00800d8e        0x1 lambdaspeak.o
 .bss.rtc_date  0x00800d8f        0x1 lambdaspeak.o
 .bss.rtc_weekday
                0x00800d90        0x1 lambdaspeak.o
 .bss.rtc_msb_temp
                0x00800d91        0x1 lambdaspeak.o
 .bss.rtc_hours_dec
                0x00800d92        0x1 lambdaspeak.o
 .bss.rtc_mins_dec
                0x00800d93        0x1 lambdaspeak.o
 .bss.rtc_secs_dec
                0x00800d94        0x1 lambdaspeak.o
 .bss.rtc_year_dec
                0x00800d95        0x1 lambdaspeak.o
 .bss.rtc_month_dec
                0x00800d96        0x1 lambdaspeak.o
 .bss.rtc_date_dec
                0x00800d97        0x1 lambdaspeak.o
 .bss.rtc_weekday_dec
                0x00800d98        0x1 lambdaspeak.o
 .bss.TTS_DATA_IDX
                0x00800d99        0x2 lambdaspeak.o
 .bss.msg_index
                0x00800d9b        0x2 lambdaspeak.o
 .bss.msg_len   0x00800d9d        0x2 lambdaspeak.o
 .bss.txt_len   0x00800d9f        0x2 lambdaspeak.o
 .bss.allo_map  0x00800da1       0x80 lambdaspeak.o
 *(COMMON)
                0x00800e21                PROVIDE (__bss_end, .)
                0x0000efe8                __data_load_start = LOADADDR (.data)
                0x0000f97e                __data_load_end = (__data_load_start + SIZEOF (.data))

.noinit         0x00800e21        0x0
                0x00800e21                PROVIDE (__noinit_start, .)
 *(.noinit*)
                0x00800e21                PROVIDE (__noinit_end, .)
                0x00800e21                _end = .
                0x00800e21                PROVIDE (__heap_start, .)

.eeprom         0x00810000        0x0
 *(.eeprom*)
                0x00810000                __eeprom_end = .

.fuse
 *(.fuse)
 *(.lfuse)
 *(.hfuse)
 *(.efuse)

.lock
 *(.lock*)

.signature
 *(.signature*)

.stab
 *(.stab)

.stabstr
 *(.stabstr)

.stab.excl
 *(.stab.excl)

.stab.exclstr
 *(.stab.exclstr)

.stab.index
 *(.stab.index)

.stab.indexstr
 *(.stab.indexstr)

.comment
 *(.comment)

.debug
 *(.debug)

.line
 *(.line)

.debug_srcinfo
 *(.debug_srcinfo)

.debug_sfnames
 *(.debug_sfnames)

.debug_aranges  0x00000000      0x428
 *(.debug_aranges)
 .debug_aranges
                0x00000000      0x428 lambdaspeak.o

.debug_pubnames
                0x00000000      0x9e6
 *(.debug_pubnames)
 .debug_pubnames
                0x00000000      0x9e6 lambdaspeak.o

.debug_info     0x00000000     0x3c72
 *(.debug_info)
 .debug_info    0x00000000     0x3c72 lambdaspeak.o
 *(.gnu.linkonce.wi.*)

.debug_abbrev   0x00000000      0x320
 *(.debug_abbrev)
 .debug_abbrev  0x00000000      0x320 lambdaspeak.o

.debug_line     0x00000000     0x422d
 *(.debug_line)
 .debug_line    0x00000000     0x422d lambdaspeak.o

.debug_frame    0x00000000      0x830
 *(.debug_frame)
 .debug_frame   0x00000000      0x830 lambdaspeak.o

.debug_str      0x00000000      0xde4
 *(.debug_str)
 .debug_str     0x00000000      0xde4 lambdaspeak.o
                                0xec4 (size before relaxing)

.debug_loc      0x00000000     0x31c4
 *(.debug_loc)
 .debug_loc     0x00000000     0x31c4 lambdaspeak.o

.debug_macinfo
 *(.debug_macinfo)
OUTPUT(atmega644-20pu.elf elf32-avr)
LOAD linker stubs

.debug_ranges   0x00000000      0x9d8
 .debug_ranges  0x00000000      0x9d8 lambdaspeak.o
